<html>
<body>
<pre>
<h1>µVision Build Log</h1>
<h2>Project:</h2>
E:\Ëï¾²ÏîÄ¿\stm32_mcu\stm32_mcu_test_soft\keil\stm32_mcu_test_soft.uvproj
Project File Date:  08/20/2015

<h2>Output:</h2>
Rebuild target 'Target 1'
compiling main.c...
compiling uart.c...
compiling user_i2c.c...
compiling system_stm32f0xx.c...
compiling stm32f0xx_gpio.c...
compiling stm32f0xx_i2c.c...
compiling stm32f0xx_rcc.c...
compiling stm32f0xx_usart.c...
assembling startup_stm32f0xx.s...
compiling stm32f0xx_adc.c...
compiling stm32f0xx_it.c...
compiling stm32f0xx_misc.c...
compiling stm32f0xx_tim.c...
linking...
Program Size: Code=9948 RO-data=352 RW-data=32 ZI-data=2608  
FromELF: creating hex file...
".\stm32_mcu_test_soft.axf" - 0 Error(s), 0 Warning(s).
</pre>
</body>
</html>
