<html>
<body>
<pre>
<h1>µVision Build Log</h1>
<h2>Project:</h2>
E:\Ëï¾²ÏîÄ¿\stm32_mcu\stm32_7min_mcu_soft\keilPro\stm32_7min_mcu_soft.uvproj
Project File Date:  08/09/2015

<h2>Output:</h2>
Rebuild target 'Target 1'
compiling main.c...
compiling user_gpio.c...
compiling user_keypress.c...
compiling user_power_measure.c...
compiling user_slave_i2c.c...
compiling user_temperature_measure.c...
compiling user_timer.c...
compiling user_ir.c...
compiling uart.c...
assembling startup_stm32f0xx.s...
compiling stm32f0xx_adc.c...
compiling stm32f0xx_crc.c...
compiling stm32f0xx_dac.c...
compiling stm32f0xx_gpio.c...
compiling stm32f0xx_i2c.c...
compiling stm32f0xx_iwdg.c...
compiling stm32f0xx_rcc.c...
compiling stm32f0xx_rtc.c...
compiling stm32f0xx_tim.c...
compiling stm32f0xx_wwdg.c...
compiling stm32f0xx_it.c...
compiling stm32f0xx_exti.c...
compiling stm32f0xx_misc.c...
compiling stm32f0xx_syscfg.c...
compiling system_stm32f0xx.c...
compiling stm32f0xx_dma.c...
compiling stm32f0xx_usart.c...
linking...
Program Size: Code=11616 RO-data=468 RW-data=84 ZI-data=3892  
FromELF: creating hex file...
".\stm32_7min_mcu_soft.axf" - 0 Error(s), 0 Warning(s).
</pre>
</body>
</html>
