Product: MDK-ARM Standard 5.10
Component: ARM Compiler 5.04 update 1 (build 49)
Tool: armlink [5040049]

==============================================================================

Section Cross References

    main.o(i.Event_Poll) refers to user_temperature_measure.o(i.Temperature_Measure_Process) for Temperature_Measure_Process
    main.o(i.Event_Poll) refers to user_power_measure.o(i.HLW8012_Measure_P) for HLW8012_Measure_P
    main.o(i.Event_Poll) refers to user_keypress.o(i.Process_KeyPress_Event) for Process_KeyPress_Event
    main.o(i.Event_Poll) refers to user_ir.o(i.Ir_Event_Poll) for Ir_Event_Poll
    main.o(i.IWDG_Config) refers to stm32f0xx_iwdg.o(i.IWDG_WriteAccessCmd) for IWDG_WriteAccessCmd
    main.o(i.IWDG_Config) refers to stm32f0xx_iwdg.o(i.IWDG_SetPrescaler) for IWDG_SetPrescaler
    main.o(i.IWDG_Config) refers to stm32f0xx_iwdg.o(i.IWDG_SetReload) for IWDG_SetReload
    main.o(i.IWDG_Config) refers to stm32f0xx_iwdg.o(i.IWDG_ReloadCounter) for IWDG_ReloadCounter
    main.o(i.IWDG_Config) refers to stm32f0xx_iwdg.o(i.IWDG_Enable) for IWDG_Enable
    main.o(i.User_System_Init) refers to user_gpio.o(i.GPIO_Default_Init) for GPIO_Default_Init
    main.o(i.User_System_Init) refers to user_slave_i2c.o(i.I2c_Slave_Init) for I2c_Slave_Init
    main.o(i.User_System_Init) refers to user_temperature_measure.o(i.Temperature_Measure_Init) for Temperature_Measure_Init
    main.o(i.User_System_Init) refers to user_ir.o(i.Ir_Data_Init) for Ir_Data_Init
    main.o(i.User_System_Init) refers to user_power_measure.o(i.Power_Measure_Init) for Power_Measure_Init
    main.o(i.User_System_Init) refers to user_timer.o(i.Timer14_Init) for Timer14_Init
    main.o(i.User_System_Init) refers to main.o(i.IWDG_Config) for IWDG_Config
    main.o(i.main) refers to main.o(i.User_System_Init) for User_System_Init
    main.o(i.main) refers to main.o(i.Event_Poll) for Event_Poll
    main.o(i.main) refers to stm32f0xx_iwdg.o(i.IWDG_ReloadCounter) for IWDG_ReloadCounter
    main.o(i.test_led) refers to stm32f0xx_rcc.o(i.RCC_AHBPeriphClockCmd) for RCC_AHBPeriphClockCmd
    main.o(i.test_led) refers to stm32f0xx_gpio.o(i.GPIO_Init) for GPIO_Init
    main.o(i.test_led) refers to stm32f0xx_gpio.o(i.GPIO_SetBits) for GPIO_SetBits
    main.o(i.test_led) refers to stm32f0xx_gpio.o(i.GPIO_ResetBits) for GPIO_ResetBits
    main.o(i.test_sys_clock) refers to stm32f0xx_misc.o(i.NVIC_Init) for NVIC_Init
    main.o(i.test_sys_clock) refers to stm32f0xx_tim.o(i.TIM_DeInit) for TIM_DeInit
    main.o(i.test_sys_clock) refers to stm32f0xx_rcc.o(i.RCC_APB1PeriphClockCmd) for RCC_APB1PeriphClockCmd
    main.o(i.test_sys_clock) refers to stm32f0xx_tim.o(i.TIM_TimeBaseInit) for TIM_TimeBaseInit
    main.o(i.test_sys_clock) refers to stm32f0xx_tim.o(i.TIM_ITConfig) for TIM_ITConfig
    main.o(i.test_sys_clock) refers to stm32f0xx_tim.o(i.TIM_Cmd) for TIM_Cmd
    main.o(i.test_sys_clock) refers to stm32f0xx_rcc.o(i.RCC_AHBPeriphClockCmd) for RCC_AHBPeriphClockCmd
    main.o(i.test_sys_clock) refers to stm32f0xx_gpio.o(i.GPIO_Init) for GPIO_Init
    user_gpio.o(i.GPIO_Default_Init) refers to stm32f0xx_gpio.o(i.GPIO_DeInit) for GPIO_DeInit
    user_gpio.o(i.GPIO_Default_Init) refers to stm32f0xx_rcc.o(i.RCC_AHBPeriphClockCmd) for RCC_AHBPeriphClockCmd
    user_gpio.o(i.GPIO_Default_Init) refers to stm32f0xx_gpio.o(i.GPIO_Init) for GPIO_Init
    user_gpio.o(i.GPIO_Default_Init) refers to stm32f0xx_gpio.o(i.GPIO_ResetBits) for GPIO_ResetBits
    user_gpio.o(i.GPIO_Default_Init) refers to stm32f0xx_gpio.o(i.GPIO_SetBits) for GPIO_SetBits
    user_keypress.o(i.Process_KeyPress_Event) refers to stm32f0xx_gpio.o(i.GPIO_ReadInputData) for GPIO_ReadInputData
    user_keypress.o(i.Process_KeyPress_Event) refers to stm32f0xx_gpio.o(i.GPIO_ReadOutputData) for GPIO_ReadOutputData
    user_keypress.o(i.Process_KeyPress_Event) refers to stm32f0xx_gpio.o(i.GPIO_SetBits) for GPIO_SetBits
    user_keypress.o(i.Process_KeyPress_Event) refers to user_keypress.o(i.Send_Int_Event) for Send_Int_Event
    user_keypress.o(i.Process_KeyPress_Event) refers to stm32f0xx_gpio.o(i.GPIO_WriteBit) for GPIO_WriteBit
    user_keypress.o(i.Process_KeyPress_Event) refers to user_keypress.o(.data) for keyStatus2
    user_keypress.o(i.Process_KeyPress_Event) refers to user_slave_i2c.o(.data) for Int_Event
    user_keypress.o(i.Send_Int_Event) refers to stm32f0xx_gpio.o(i.GPIO_ResetBits) for GPIO_ResetBits
    user_power_measure.o(i.HLW8012_Measure_P) refers to aeabi_sdiv.o(.text) for __aeabi_uidivmod
    user_power_measure.o(i.HLW8012_Measure_P) refers to user_power_measure.o(.data) for B_P_Last_TestOneCycle_Mode
    user_power_measure.o(i.Init_Rom) refers to user_power_measure.o(i.Read_CalData_EEPROM) for Read_CalData_EEPROM
    user_power_measure.o(i.Init_Rom) refers to user_power_measure.o(.data) for U8_CURR_WorkMode
    user_power_measure.o(i.PowerIntProcess) refers to user_power_measure.o(.data) for U16_P_TotalTimes
[...]
    Removing stm32f0xx_usart.o(i.USART_Init), (244 bytes).
    Removing stm32f0xx_usart.o(i.USART_InvPinCmd), (20 bytes).
    Removing stm32f0xx_usart.o(i.USART_IrDACmd), (24 bytes).
    Removing stm32f0xx_usart.o(i.USART_IrDAConfig), (16 bytes).
    Removing stm32f0xx_usart.o(i.USART_LINBreakDetectLengthConfig), (16 bytes).
    Removing stm32f0xx_usart.o(i.USART_LINCmd), (28 bytes).
    Removing stm32f0xx_usart.o(i.USART_MSBFirstCmd), (28 bytes).
    Removing stm32f0xx_usart.o(i.USART_MuteModeCmd), (28 bytes).
    Removing stm32f0xx_usart.o(i.USART_MuteModeWakeUpConfig), (18 bytes).
    Removing stm32f0xx_usart.o(i.USART_OneBitMethodCmd), (28 bytes).
    Removing stm32f0xx_usart.o(i.USART_OverSampling8Cmd), (28 bytes).
    Removing stm32f0xx_usart.o(i.USART_OverrunDetectionConfig), (18 bytes).
    Removing stm32f0xx_usart.o(i.USART_ReceiveData), (10 bytes).
    Removing stm32f0xx_usart.o(i.USART_ReceiverTimeOutCmd), (28 bytes).
    Removing stm32f0xx_usart.o(i.USART_RequestCmd), (20 bytes).
    Removing stm32f0xx_usart.o(i.USART_STOPModeCmd), (24 bytes).
    Removing stm32f0xx_usart.o(i.USART_SWAPPinCmd), (28 bytes).
    Removing stm32f0xx_usart.o(i.USART_SendData), (8 bytes).
    Removing stm32f0xx_usart.o(i.USART_SetAddress), (18 bytes).
    Removing stm32f0xx_usart.o(i.USART_SetAutoRetryCount), (20 bytes).
    Removing stm32f0xx_usart.o(i.USART_SetBlockLength), (18 bytes).
    Removing stm32f0xx_usart.o(i.USART_SetDEAssertionTime), (20 bytes).
    Removing stm32f0xx_usart.o(i.USART_SetDEDeassertionTime), (20 bytes).
    Removing stm32f0xx_usart.o(i.USART_SetGuardTime), (16 bytes).
    Removing stm32f0xx_usart.o(i.USART_SetPrescaler), (18 bytes).
    Removing stm32f0xx_usart.o(i.USART_SetReceiverTimeOut), (16 bytes).
    Removing stm32f0xx_usart.o(i.USART_SmartCardCmd), (24 bytes).
    Removing stm32f0xx_usart.o(i.USART_SmartCardNACKCmd), (24 bytes).
    Removing stm32f0xx_usart.o(i.USART_StopModeWakeUpSourceConfig), (18 bytes).
    Removing stm32f0xx_usart.o(i.USART_StructInit), (24 bytes).

376 unused section(s) (total 11986 bytes) removed from the image.

==============================================================================

Image Symbol Table

    Local Symbols

    Symbol Name                              Value     Ov Type        Size  Object(Section)

    ../clib/angel/boardlib.s                 0x00000000   Number         0  boardshut.o ABSOLUTE
    ../clib/angel/boardlib.s                 0x00000000   Number         0  boardinit3.o ABSOLUTE
    ../clib/angel/boardlib.s                 0x00000000   Number         0  boardinit1.o ABSOLUTE
    ../clib/angel/boardlib.s                 0x00000000   Number         0  boardinit2.o ABSOLUTE
    ../clib/angel/handlers.s                 0x00000000   Number         0  __scatter_zi.o ABSOLUTE
    ../clib/angel/handlers.s                 0x00000000   Number         0  __scatter_copy.o ABSOLUTE
    ../clib/angel/kernel.s                   0x00000000   Number         0  rtentry.o ABSOLUTE
    ../clib/angel/kernel.s                   0x00000000   Number         0  rtentry2.o ABSOLUTE
    ../clib/angel/kernel.s                   0x00000000   Number         0  rtexit2.o ABSOLUTE
    ../clib/angel/kernel.s                   0x00000000   Number         0  rtexit.o ABSOLUTE
    ../clib/angel/kernel.s                   0x00000000   Number         0  rtentry4.o ABSOLUTE
    ../clib/angel/rt.s                       0x00000000   Number         0  aeabi_idiv0_sigfpe.o ABSOLUTE
    ../clib/angel/rt.s                       0x00000000   Number         0  aeabi_idiv0.o ABSOLUTE
    ../clib/angel/rt.s                       0x00000000   Number         0  rt_raise.o ABSOLUTE
    ../clib/angel/rt.s                       0x00000000   Number         0  rt_div0.o ABSOLUTE
    ../clib/angel/scatterp.s                 0x00000000   Number         0  __scatter.o ABSOLUTE
    ../clib/angel/startup.s                  0x00000000   Number         0  __main.o ABSOLUTE
    ../clib/angel/sys.s                      0x00000000   Number         0  tempstk.o ABSOLUTE
    ../clib/angel/sys.s                      0x00000000   Number         0  indicate_semi.o ABSOLUTE
    ../clib/angel/sys.s                      0x00000000   Number         0  use_no_semi.o ABSOLUTE
    ../clib/angel/sys.s                      0x00000000   Number         0  sys_stackheap_outer.o ABSOLUTE
    ../clib/angel/sys.s                      0x00000000   Number         0  libspace.o ABSOLUTE
    ../clib/angel/sysapp.c                   0x00000000   Number         0  sys_exit.o ABSOLUTE
    ../clib/angel/sysapp.c                   0x00000000   Number         0  sys_command.o ABSOLUTE
    ../clib/angel/sysapp.c                   0x00000000   Number         0  sys_wrch.o ABSOLUTE
    ../clib/armsys.c                         0x00000000   Number         0  argv_veneer.o ABSOLUTE
    ../clib/armsys.c                         0x00000000   Number         0  no_argv.o ABSOLUTE
    ../clib/armsys.c                         0x00000000   Number         0  _get_argv_nomalloc.o ABSOLUTE
    ../clib/division.s                       0x00000000   Number         0  aeabi_sdiv_div0.o ABSOLUTE
    ../clib/division.s                       0x00000000   Number         0  aeabi_sdiv.o ABSOLUTE
    ../clib/heapalloc.c                      0x00000000   Number         0  hrguard.o ABSOLUTE
    ../clib/heapaux.c                        0x00000000   Number         0  heapauxi.o ABSOLUTE
    ../clib/libinit.s                        0x00000000   Number         0  libinit2.o ABSOLUTE
    ../clib/libinit.s                        0x00000000   Number         0  libshutdown.o ABSOLUTE
    ../clib/libinit.s                        0x00000000   Number         0  libinit.o ABSOLUTE
    ../clib/libinit.s                        0x00000000   Number         0  libshutdown2.o ABSOLUTE
    ../clib/memcpset.c                       0x00000000   Number         0  rt_memcpy.o ABSOLUTE
    ../clib/memcpset.c                       0x00000000   Number         0  rt_memcpy.o ABSOLUTE
    ../clib/signal.c                         0x00000000   Number         0  __raise.o ABSOLUTE
    ../clib/signal.c                         0x00000000   Number         0  defsig_general.o ABSOLUTE
    ../clib/signal.c                         0x00000000   Number         0  defsig_exit.o ABSOLUTE
    ../clib/signal.c                         0x00000000   Number         0  defsig_fpe_inner.o ABSOLUTE
    ../clib/signal.c                         0x00000000   Number         0  defsig_pvfn_inner.o ABSOLUTE
    ../clib/signal.c                         0x00000000   Number         0  defsig_rtred_inner.o ABSOLUTE
    ../clib/signal.c                         0x00000000   Number         0  defsig_abrt_inner.o ABSOLUTE
    ../clib/signal.c                         0x00000000   Number         0  defsig_stak_inner.o ABSOLUTE
    ../clib/signal.c                         0x00000000   Number         0  defsig_rtmem_formal.o ABSOLUTE
    ../clib/signal.c                         0x00000000   Number         0  defsig_rtmem_outer.o ABSOLUTE
    ../clib/signal.c                         0x00000000   Number         0  defsig_fpe_formal.o ABSOLUTE
    ../clib/signal.c                         0x00000000   Number         0  defsig_cppl_inner.o ABSOLUTE
    ../clib/signal.c                         0x00000000   Number         0  defsig_segv_inner.o ABSOLUTE
    ../clib/signal.c                         0x00000000   Number         0  defsig_other.o ABSOLUTE
    ../clib/signal.c                         0x00000000   Number         0  defsig_rtmem_inner.o ABSOLUTE
    ../clib/signal.c                         0x00000000   Number         0  defsig_fpe_outer.o ABSOLUTE
    ../clib/signal.s                         0x00000000   Number         0  defsig.o ABSOLUTE
    ../clib/stdlib.c                         0x00000000   Number         0  exit.o ABSOLUTE
    ../fplib/cfplib/d2f.c                    0x00000000   Number         0  d2f.o ABSOLUTE
    ../fplib/cfplib/daddsub.c                0x00000000   Number         0  daddsub.o ABSOLUTE
    ../fplib/cfplib/f2d.c                    0x00000000   Number         0  f2d.o ABSOLUTE
    ../fplib/cfplib/fdiv.c                   0x00000000   Number         0  fdiv.o ABSOLUTE
    ../fplib/cfplib/ffix.c                   0x00000000   Number         0  ffixui.o ABSOLUTE
    ../fplib/cfplib/fflt.c                   0x00000000   Number         0  fflti.o ABSOLUTE
    ../fplib/cfplib/fpinit.c                 0x00000000   Number         0  fpinit.o ABSOLUTE
    ../fplib/faddsub6m.s                     0x00000000   Number         0  faddsub.o ABSOLUTE
    ../fplib/usenofp.s                       0x00000000   Number         0  usenofp.o ABSOLUTE
    ..\STM32F0_Discovery_Library\CMSIS\ST\STM32F0xx\Source\Templates\arm\startup_stm32f0xx.s 0x00000000   Number         0  startup_stm32f0xx.o ABSOLUTE
    ..\STM32F0_Discovery_Library\STM32F0xx_StdPeriph_Driver\src\stm32f0xx_adc.c 0x00000000   Number         0  stm32f0xx_adc.o ABSOLUTE
    ..\STM32F0_Discovery_Library\STM32F0xx_StdPeriph_Driver\src\stm32f0xx_crc.c 0x00000000   Number         0  stm32f0xx_crc.o ABSOLUTE
    ..\STM32F0_Discovery_Library\STM32F0xx_StdPeriph_Driver\src\stm32f0xx_dac.c 0x00000000   Number         0  stm32f0xx_dac.o ABSOLUTE
    ..\STM32F0_Discovery_Library\STM32F0xx_StdPeriph_Driver\src\stm32f0xx_dma.c 0x00000000   Number         0  stm32f0xx_dma.o ABSOLUTE
    ..\STM32F0_Discovery_Library\STM32F0xx_StdPeriph_Driver\src\stm32f0xx_exti.c 0x00000000   Number         0  stm32f0xx_exti.o ABSOLUTE
    ..\STM32F0_Discovery_Library\STM32F0xx_StdPeriph_Driver\src\stm32f0xx_gpio.c 0x00000000   Number         0  stm32f0xx_gpio.o ABSOLUTE
    ..\STM32F0_Discovery_Library\STM32F0xx_StdPeriph_Driver\src\stm32f0xx_i2c.c 0x00000000   Number         0  stm32f0xx_i2c.o ABSOLUTE
    ..\STM32F0_Discovery_Library\STM32F0xx_StdPeriph_Driver\src\stm32f0xx_iwdg.c 0x00000000   Number         0  stm32f0xx_iwdg.o ABSOLUTE
    ..\STM32F0_Discovery_Library\STM32F0xx_StdPeriph_Driver\src\stm32f0xx_misc.c 0x00000000   Number         0  stm32f0xx_misc.o ABSOLUTE
    ..\STM32F0_Discovery_Library\STM32F0xx_StdPeriph_Driver\src\stm32f0xx_rcc.c 0x00000000   Number         0  stm32f0xx_rcc.o ABSOLUTE
    ..\STM32F0_Discovery_Library\STM32F0xx_StdPeriph_Driver\src\stm32f0xx_rtc.c 0x00000000   Number         0  stm32f0xx_rtc.o ABSOLUTE
    ..\STM32F0_Discovery_Library\STM32F0xx_StdPeriph_Driver\src\stm32f0xx_syscfg.c 0x00000000   Number         0  stm32f0xx_syscfg.o ABSOLUTE
    ..\STM32F0_Discovery_Library\STM32F0xx_StdPeriph_Driver\src\stm32f0xx_tim.c 0x00000000   Number         0  stm32f0xx_tim.o ABSOLUTE
    ..\STM32F0_Discovery_Library\STM32F0xx_StdPeriph_Driver\src\stm32f0xx_usart.c 0x00000000   Number         0  stm32f0xx_usart.o ABSOLUTE
    ..\STM32F0_Discovery_Library\STM32F0xx_StdPeriph_Driver\src\stm32f0xx_wwdg.c 0x00000000   Number         0  stm32f0xx_wwdg.o ABSOLUTE
    ..\STM32F0_Discovery_Library\stm32f0xx_it.c 0x00000000   Number         0  stm32f0xx_it.o ABSOLUTE
    ..\STM32F0_Discovery_Library\system_stm32f0xx.c 0x00000000   Number         0  system_stm32f0xx.o ABSOLUTE
    ..\\STM32F0_Discovery_Library\\STM32F0xx_StdPeriph_Driver\\src\\stm32f0xx_adc.c 0x00000000   Number         0  stm32f0xx_adc.o ABSOLUTE
    ..\\STM32F0_Discovery_Library\\STM32F0xx_StdPeriph_Driver\\src\\stm32f0xx_crc.c 0x00000000   Number         0  stm32f0xx_crc.o ABSOLUTE
    ..\\STM32F0_Discovery_Library\\STM32F0xx_StdPeriph_Driver\\src\\stm32f0xx_dac.c 0x00000000   Number         0  stm32f0xx_dac.o ABSOLUTE
    ..\\STM32F0_Discovery_Library\\STM32F0xx_StdPeriph_Driver\\src\\stm32f0xx_dma.c 0x00000000   Number         0  stm32f0xx_dma.o ABSOLUTE
    ..\\STM32F0_Discovery_Library\\STM32F0xx_StdPeriph_Driver\\src\\stm32f0xx_exti.c 0x00000000   Number         0  stm32f0xx_exti.o ABSOLUTE
    ..\\STM32F0_Discovery_Library\\STM32F0xx_StdPeriph_Driver\\src\\stm32f0xx_gpio.c 0x00000000   Number         0  stm32f0xx_gpio.o ABSOLUTE
    ..\\STM32F0_Discovery_Library\\STM32F0xx_StdPeriph_Driver\\src\\stm32f0xx_i2c.c 0x00000000   Number         0  stm32f0xx_i2c.o ABSOLUTE
    ..\\STM32F0_Discovery_Library\\STM32F0xx_StdPeriph_Driver\\src\\stm32f0xx_iwdg.c 0x00000000   Number         0  stm32f0xx_iwdg.o ABSOLUTE
    ..\\STM32F0_Discovery_Library\\STM32F0xx_StdPeriph_Driver\\src\\stm32f0xx_misc.c 0x00000000   Number         0  stm32f0xx_misc.o ABSOLUTE
    ..\\STM32F0_Discovery_Library\\STM32F0xx_StdPeriph_Driver\\src\\stm32f0xx_rcc.c 0x00000000   Number         0  stm32f0xx_rcc.o ABSOLUTE
    ..\\STM32F0_Discovery_Library\\STM32F0xx_StdPeriph_Driver\\src\\stm32f0xx_rtc.c 0x00000000   Number         0  stm32f0xx_rtc.o ABSOLUTE
    ..\\STM32F0_Discovery_Library\\STM32F0xx_StdPeriph_Driver\\src\\stm32f0xx_syscfg.c 0x00000000   Number         0  stm32f0xx_syscfg.o ABSOLUTE
    ..\\STM32F0_Discovery_Library\\STM32F0xx_StdPeriph_Driver\\src\\stm32f0xx_tim.c 0x00000000   Number         0  stm32f0xx_tim.o ABSOLUTE
    ..\\STM32F0_Discovery_Library\\STM32F0xx_StdPeriph_Driver\\src\\stm32f0xx_usart.c 0x00000000   Number         0  stm32f0xx_usart.o ABSOLUTE
    ..\\STM32F0_Discovery_Library\\STM32F0xx_StdPeriph_Driver\\src\\stm32f0xx_wwdg.c 0x00000000   Number         0  stm32f0xx_wwdg.o ABSOLUTE
    ..\\STM32F0_Discovery_Library\\stm32f0xx_it.c 0x00000000   Number         0  stm32f0xx_it.o ABSOLUTE
    ..\\STM32F0_Discovery_Library\\system_stm32f0xx.c 0x00000000   Number         0  system_stm32f0xx.o ABSOLUTE
    ..\\user\\main.c                         0x00000000   Number         0  main.o ABSOLUTE
    ..\\user\\uart.c                         0x00000000   Number         0  uart.o ABSOLUTE
    ..\\user\\user_gpio.c                    0x00000000   Number         0  user_gpio.o ABSOLUTE
    ..\\user\\user_ir.c                      0x00000000   Number         0  user_ir.o ABSOLUTE
    ..\\user\\user_keypress.c                0x00000000   Number         0  user_keypress.o ABSOLUTE
    ..\\user\\user_power_measure.c           0x00000000   Number         0  user_power_measure.o ABSOLUTE
    ..\\user\\user_slave_i2c.c               0x00000000   Number         0  user_slave_i2c.o ABSOLUTE
    ..\\user\\user_temperature_measure.c     0x00000000   Number         0  user_temperature_measure.o ABSOLUTE
    ..\\user\\user_timer.c                   0x00000000   Number         0  user_timer.o ABSOLUTE
    ..\user\main.c                           0x00000000   Number         0  main.o ABSOLUTE
    ..\user\uart.c                           0x00000000   Number         0  uart.o ABSOLUTE
    ..\user\user_gpio.c                      0x00000000   Number         0  user_gpio.o ABSOLUTE
    ..\user\user_ir.c                        0x00000000   Number         0  user_ir.o ABSOLUTE
    ..\user\user_keypress.c                  0x00000000   Number         0  user_keypress.o ABSOLUTE
    ..\user\user_power_measure.c             0x00000000   Number         0  user_power_measure.o ABSOLUTE
    ..\user\user_slave_i2c.c                 0x00000000   Number         0  user_slave_i2c.o ABSOLUTE
    ..\user\user_temperature_measure.c       0x00000000   Number         0  user_temperature_measure.o ABSOLUTE
    ..\user\user_timer.c                     0x00000000   Number         0  user_timer.o ABSOLUTE
    dc.s                                     0x00000000   Number         0  dc.o ABSOLUTE
    RESET                                    0x08000000   Section      192  startup_stm32f0xx.o(RESET)
    !!!main                                  0x080000c0   Section        8  __main.o(!!!main)
    !!!scatter                               0x080000c8   Section       60  __scatter.o(!!!scatter)
    !!handler_copy                           0x08000104   Section       26  __scatter_copy.o(!!handler_copy)
    !!handler_zi                             0x08000120   Section       28  __scatter_zi.o(!!handler_zi)
    .ARM.Collect$$libinit$$00000000          0x0800013c   Section        2  libinit.o(.ARM.Collect$$libinit$$00000000)
    .ARM.Collect$$libinit$$00000001          0x0800013e   Section        4  libinit2.o(.ARM.Collect$$libinit$$00000001)
    .ARM.Collect$$libinit$$00000008          0x08000142   Section        0  libinit2.o(.ARM.Collect$$libinit$$00000008)
    .ARM.Collect$$libinit$$0000000A          0x08000142   Section        0  libinit2.o(.ARM.Collect$$libinit$$0000000A)
    .ARM.Collect$$libinit$$0000000C          0x08000142   Section        0  libinit2.o(.ARM.Collect$$libinit$$0000000C)
    .ARM.Collect$$libinit$$0000000F          0x08000142   Section        0  libinit2.o(.ARM.Collect$$libinit$$0000000F)
    .ARM.Collect$$libinit$$00000011          0x08000142   Section        0  libinit2.o(.ARM.Collect$$libinit$$00000011)
    .ARM.Collect$$libinit$$00000013          0x08000142   Section        0  libinit2.o(.ARM.Collect$$libinit$$00000013)
    .ARM.Collect$$libinit$$00000015          0x08000142   Section        0  libinit2.o(.ARM.Collect$$libinit$$00000015)
    .ARM.Collect$$libinit$$00000017          0x08000142   Section        0  libinit2.o(.ARM.Collect$$libinit$$00000017)
    .ARM.Collect$$libinit$$00000019          0x08000142   Section        0  libinit2.o(.ARM.Collect$$libinit$$00000019)
    .ARM.Collect$$libinit$$0000001B          0x08000142   Section        0  libinit2.o(.ARM.Collect$$libinit$$0000001B)
    .ARM.Collect$$libinit$$0000001D          0x08000142   Section        0  libinit2.o(.ARM.Collect$$libinit$$0000001D)
    .ARM.Collect$$libinit$$0000001F          0x08000142   Section        0  libinit2.o(.ARM.Collect$$libinit$$0000001F)
    .ARM.Collect$$libinit$$00000021          0x08000142   Section        0  libinit2.o(.ARM.Collect$$libinit$$00000021)
    .ARM.Collect$$libinit$$00000023          0x08000142   Section        0  libinit2.o(.ARM.Collect$$libinit$$00000023)
    .ARM.Collect$$libinit$$0000002A          0x08000142   Section        0  libinit2.o(.ARM.Collect$$libinit$$0000002A)
    .ARM.Collect$$libinit$$0000002C          0x08000142   Section        0  libinit2.o(.ARM.Collect$$libinit$$0000002C)
    .ARM.Collect$$libinit$$0000002E          0x08000142   Section        0  libinit2.o(.ARM.Collect$$libinit$$0000002E)
    .ARM.Collect$$libinit$$00000030          0x08000142   Section        0  libinit2.o(.ARM.Collect$$libinit$$00000030)
    .ARM.Collect$$libinit$$00000031          0x08000142   Section        2  libinit2.o(.ARM.Collect$$libinit$$00000031)
    .ARM.Collect$$libshutdown$$00000000      0x08000144   Section        2  libshutdown.o(.ARM.Collect$$libshutdown$$00000000)
    .ARM.Collect$$libshutdown$$00000003      0x08000146   Section        0  libshutdown2.o(.ARM.Collect$$libshutdown$$00000003)
    .ARM.Collect$$libshutdown$$00000006      0x08000146   Section        0  libshutdown2.o(.ARM.Collect$$libshutdown$$00000006)
    .ARM.Collect$$libshutdown$$00000009      0x08000146   Section        0  libshutdown2.o(.ARM.Collect$$libshutdown$$00000009)
    .ARM.Collect$$libshutdown$$0000000B      0x08000146   Section        0  libshutdown2.o(.ARM.Collect$$libshutdown$$0000000B)
    .ARM.Collect$$libshutdown$$0000000E      0x08000146   Section        0  libshutdown2.o(.ARM.Collect$$libshutdown$$0000000E)
    .ARM.Collect$$libshutdown$$0000000F      0x08000146   Section        2  libshutdown2.o(.ARM.Collect$$libshutdown$$0000000F)
    .ARM.Collect$$rtentry$$00000000          0x08000148   Section        0  rtentry.o(.ARM.Collect$$rtentry$$00000000)
    .ARM.Collect$$rtentry$$00000002          0x08000148   Section        0  rtentry2.o(.ARM.Collect$$rtentry$$00000002)
    .ARM.Collect$$rtentry$$00000004          0x08000148   Section        6  rtentry4.o(.ARM.Collect$$rtentry$$00000004)
    .ARM.Collect$$rtentry$$00000009          0x0800014e   Section        0  rtentry2.o(.ARM.Collect$$rtentry$$00000009)
    .ARM.Collect$$rtentry$$0000000A          0x0800014e   Section        4  rtentry2.o(.ARM.Collect$$rtentry$$0000000A)
    .ARM.Collect$$rtentry$$0000000C          0x08000152   Section        0  rtentry2.o(.ARM.Collect$$rtentry$$0000000C)
    .ARM.Collect$$rtentry$$0000000D          0x08000152   Section        8  rtentry2.o(.ARM.Collect$$rtentry$$0000000D)
    .ARM.Collect$$rtexit$$00000000           0x0800015a   Section        2  rtexit.o(.ARM.Collect$$rtexit$$00000000)
    .ARM.Collect$$rtexit$$00000002           0x0800015c   Section        0  rtexit2.o(.ARM.Collect$$rtexit$$00000002)
    .ARM.Collect$$rtexit$$00000003           0x0800015c   Section        4  rtexit2.o(.ARM.Collect$$rtexit$$00000003)
    .ARM.Collect$$rtexit$$00000004           0x08000160   Section        6  rtexit2.o(.ARM.Collect$$rtexit$$00000004)
    .emb_text                                0x08000168   Section       56  rt_memcpy.o(.emb_text)
    .text                                    0x080001a0   Section       56  startup_stm32f0xx.o(.text)
    .text                                    0x080001d8   Section        0  rt_memcpy.o(.text)
    .text                                    0x0800025a   Section      346  aeabi_sdiv.o(.text)
    .text                                    0x080003b4   Section        0  heapauxi.o(.text)
    .text                                    0x080003bc   Section        0  d2f.o(.text)
    .text                                    0x08000438   Section        0  daddsub.o(.text)
    _dadd1                                   0x08000439   Thumb Code   290  daddsub.o(.text)
    _dsub1                                   0x0800055b   Thumb Code   470  daddsub.o(.text)
    .text                                    0x08000788   Section        0  f2d.o(.text)
    .text                                    0x080007dc   Section        0  fdiv.o(.text)
    .text                                    0x0800093c   Section        0  ffixui.o(.text)
    .text                                    0x0800096c   Section        0  fflti.o(.text)
    .text                                    0x080009ca   Section       62  sys_stackheap_outer.o(.text)
    .text                                    0x08000a08   Section        0  exit.o(.text)
    .text                                    0x08000a14   Section        8  libspace.o(.text)
    .text                                    0x08000a1c   Section        0  sys_exit.o(.text)
    .text                                    0x08000a28   Section        2  use_no_semi.o(.text)
    .text                                    0x08000a2a   Section        0  indicate_semi.o(.text)
    i.ADC_ChannelConfig                      0x08000a2a   Section        0  stm32f0xx_adc.o(i.ADC_ChannelConfig)
    i.ADC_ClearFlag                          0x08000a42   Section        0  stm32f0xx_adc.o(i.ADC_ClearFlag)
    i.ADC_Cmd                                0x08000a46   Section        0  stm32f0xx_adc.o(i.ADC_Cmd)
    i.ADC_DeInit                             0x08000a60   Section        0  stm32f0xx_adc.o(i.ADC_DeInit)
    i.ADC_GetCalibrationFactor               0x08000a80   Section        0  stm32f0xx_adc.o(i.ADC_GetCalibrationFactor)
    i.ADC_GetConversionValue                 0x08000abc   Section        0  stm32f0xx_adc.o(i.ADC_GetConversionValue)
    i.ADC_GetFlagStatus                      0x08000ac4   Section        0  stm32f0xx_adc.o(i.ADC_GetFlagStatus)
    i.ADC_ITConfig                           0x08000af4   Section        0  stm32f0xx_adc.o(i.ADC_ITConfig)
    i.ADC_Init                               0x08000b08   Section        0  stm32f0xx_adc.o(i.ADC_Init)
    i.ADC_StartOfConversion                  0x08000b34   Section        0  stm32f0xx_adc.o(i.ADC_StartOfConversion)
    i.ADC_StructInit                         0x08000b3e   Section        0  stm32f0xx_adc.o(i.ADC_StructInit)
    i.EXTI2_3_IRQHandler                     0x08000b4e   Section        0  stm32f0xx_it.o(i.EXTI2_3_IRQHandler)
    i.EXTI_ClearITPendingBit                 0x08000b5c   Section        0  stm32f0xx_exti.o(i.EXTI_ClearITPendingBit)
    i.EXTI_Init                              0x08000b68   Section        0  stm32f0xx_exti.o(i.EXTI_Init)
    i.Event_Poll                             0x08000bf0   Section        0  main.o(i.Event_Poll)
    i.GPIO_DeInit                            0x08000c04   Section        0  stm32f0xx_gpio.o(i.GPIO_DeInit)
    i.GPIO_Default_Init                      0x08000c98   Section        0  user_gpio.o(i.GPIO_Default_Init)
    i.GPIO_Init                              0x08000d30   Section        0  stm32f0xx_gpio.o(i.GPIO_Init)
    i.GPIO_PinAFConfig                       0x08000dc0   Section        0  stm32f0xx_gpio.o(i.GPIO_PinAFConfig)
    i.GPIO_ReadInputData                     0x08000e04   Section        0  stm32f0xx_gpio.o(i.GPIO_ReadInputData)
    i.GPIO_ReadOutputData                    0x08000e0a   Section        0  stm32f0xx_gpio.o(i.GPIO_ReadOutputData)
    i.GPIO_ResetBits                         0x08000e10   Section        0  stm32f0xx_gpio.o(i.GPIO_ResetBits)
    i.GPIO_SetBits                           0x08000e14   Section        0  stm32f0xx_gpio.o(i.GPIO_SetBits)
    i.GPIO_WriteBit                          0x08000e18   Section        0  stm32f0xx_gpio.o(i.GPIO_WriteBit)
    i.GetTemp                                0x08000e24   Section        0  user_temperature_measure.o(i.GetTemp)
    i.HLW8012_Measure_P                      0x08000ee0   Section        0  user_power_measure.o(i.HLW8012_Measure_P)
    i.HardFault_Handler                      0x08000f74   Section        0  stm32f0xx_it.o(i.HardFault_Handler)
    i.I2C1_IRQHandler                        0x08000f78   Section        0  stm32f0xx_it.o(i.I2C1_IRQHandler)
    i.I2C1_Interrupt_process                 0x08000f90   Section        0  user_slave_i2c.o(i.I2C1_Interrupt_process)
    i.I2C_ClearFlag                          0x08001138   Section        0  stm32f0xx_i2c.o(i.I2C_ClearFlag)
    i.I2C_ClearITPendingBit                  0x0800113c   Section        0  stm32f0xx_i2c.o(i.I2C_ClearITPendingBit)
    i.I2C_Cmd                                0x08001140   Section        0  stm32f0xx_i2c.o(i.I2C_Cmd)
    i.I2C_DeInit                             0x08001158   Section        0  stm32f0xx_i2c.o(i.I2C_DeInit)
    i.I2C_GPIO_Configuration                 0x08001190   Section        0  user_slave_i2c.o(i.I2C_GPIO_Configuration)
    i.I2C_GenerateSTOP                       0x080011e4   Section        0  stm32f0xx_i2c.o(i.I2C_GenerateSTOP)
    i.I2C_Get_Answer_Data                    0x08001200   Section        0  user_slave_i2c.o(i.I2C_Get_Answer_Data)
    I2C_Get_Answer_Data                      0x08001201   Thumb Code   328  user_slave_i2c.o(i.I2C_Get_Answer_Data)
    i.I2C_Get_Request_Data                   0x08001360   Section        0  user_slave_i2c.o(i.I2C_Get_Request_Data)
    I2C_Get_Request_Data                     0x08001361   Thumb Code   290  user_slave_i2c.o(i.I2C_Get_Request_Data)
    i.I2C_ITConfig                           0x0800148c   Section        0  stm32f0xx_i2c.o(i.I2C_ITConfig)
    i.I2C_Init                               0x080014a0   Section        0  stm32f0xx_i2c.o(i.I2C_Init)
    i.I2C_NVIC_Config                        0x0800150c   Section        0  user_slave_i2c.o(i.I2C_NVIC_Config)
    i.I2C_ReceiveData                        0x08001522   Section        0  stm32f0xx_i2c.o(i.I2C_ReceiveData)
    i.I2C_SendData                           0x0800152a   Section        0  stm32f0xx_i2c.o(i.I2C_SendData)
    i.I2C_Slave_Config                       0x08001530   Section        0  user_slave_i2c.o(i.I2C_Slave_Config)
    i.I2c_Slave_Init                         0x08001584   Section        0  user_slave_i2c.o(i.I2c_Slave_Init)
    i.I2c_Slave_Variable_Init                0x08001598   Section        0  user_slave_i2c.o(i.I2c_Slave_Variable_Init)
    i.IWDG_Config                            0x080015b4   Section        0  main.o(i.IWDG_Config)
    i.IWDG_Enable                            0x080015d8   Section        0  stm32f0xx_iwdg.o(i.IWDG_Enable)
    i.IWDG_ReloadCounter                     0x080015e8   Section        0  stm32f0xx_iwdg.o(i.IWDG_ReloadCounter)
    i.IWDG_SetPrescaler                      0x080015f8   Section        0  stm32f0xx_iwdg.o(i.IWDG_SetPrescaler)
    i.IWDG_SetReload                         0x08001604   Section        0  stm32f0xx_iwdg.o(i.IWDG_SetReload)
    i.IWDG_WriteAccessCmd                    0x08001610   Section        0  stm32f0xx_iwdg.o(i.IWDG_WriteAccessCmd)
    i.Init_Rom                               0x0800161c   Section        0  user_power_measure.o(i.Init_Rom)
    i.IrCapture                              0x08001694   Section        0  user_ir.o(i.IrCapture)
    i.IrLearnEnd                             0x08001750   Section        0  user_ir.o(i.IrLearnEnd)
    i.Ir_Data_Init                           0x080017c4   Section        0  user_ir.o(i.Ir_Data_Init)
    i.Ir_Event_Poll                          0x08001870   Section        0  user_ir.o(i.Ir_Event_Poll)
    i.Ir_Learn_Disable                       0x08001b00   Section        0  user_ir.o(i.Ir_Learn_Disable)
    i.Ir_Learn_Enable                        0x08001b1c   Section        0  user_ir.o(i.Ir_Learn_Enable)
    i.Ir_Learn_Init                          0x08001b48   Section        0  user_ir.o(i.Ir_Learn_Init)
    i.Ir_Send_Disable                        0x08001bd0   Section        0  user_ir.o(i.Ir_Send_Disable)
    i.Ir_Send_Enable                         0x08001bf4   Section        0  user_ir.o(i.Ir_Send_Enable)
    i.Ir_Test_Learn_End                      0x08001d18   Section        0  user_ir.o(i.Ir_Test_Learn_End)
    i.NMI_Handler                            0x08001d90   Section        0  stm32f0xx_it.o(i.NMI_Handler)
    i.NVIC_Init                              0x08001d94   Section        0  stm32f0xx_misc.o(i.NVIC_Init)
    i.PendSV_Handler                         0x08001e04   Section        0  stm32f0xx_it.o(i.PendSV_Handler)
    i.PowerIntProcess                        0x08001e08   Section        0  user_power_measure.o(i.PowerIntProcess)
    i.PowerTimerInt                          0x08001f3c   Section        0  user_power_measure.o(i.PowerTimerInt)
    i.Power_Measure_Init                     0x08002000   Section        0  user_power_measure.o(i.Power_Measure_Init)
    i.Process_KeyPress_Event                 0x080020b8   Section        0  user_keypress.o(i.Process_KeyPress_Event)
    i.RCC_AHBPeriphClockCmd                  0x080021c8   Section        0  stm32f0xx_rcc.o(i.RCC_AHBPeriphClockCmd)
    i.RCC_AHBPeriphResetCmd                  0x080021e8   Section        0  stm32f0xx_rcc.o(i.RCC_AHBPeriphResetCmd)
    i.RCC_APB1PeriphClockCmd                 0x08002208   Section        0  stm32f0xx_rcc.o(i.RCC_APB1PeriphClockCmd)
    i.RCC_APB1PeriphResetCmd                 0x08002228   Section        0  stm32f0xx_rcc.o(i.RCC_APB1PeriphResetCmd)
    i.RCC_APB2PeriphClockCmd                 0x08002248   Section        0  stm32f0xx_rcc.o(i.RCC_APB2PeriphClockCmd)
    i.RCC_APB2PeriphResetCmd                 0x08002268   Section        0  stm32f0xx_rcc.o(i.RCC_APB2PeriphResetCmd)
    i.RCC_I2CCLKConfig                       0x08002288   Section        0  stm32f0xx_rcc.o(i.RCC_I2CCLKConfig)
    i.Read_CalData_EEPROM                    0x080022a4   Section        0  user_power_measure.o(i.Read_CalData_EEPROM)
    i.SVC_Handler                            0x080022cc   Section        0  stm32f0xx_it.o(i.SVC_Handler)
    i.SYSCFG_EXTILineConfig                  0x080022d0   Section        0  stm32f0xx_syscfg.o(i.SYSCFG_EXTILineConfig)
    i.Send_Int_Event                         0x08002310   Section        0  user_keypress.o(i.Send_Int_Event)
    i.SetSysClock                            0x08002320   Section        0  system_stm32f0xx.o(i.SetSysClock)
    SetSysClock                              0x08002321   Thumb Code   206  system_stm32f0xx.o(i.SetSysClock)
    i.SystemInit                             0x080023f8   Section        0  system_stm32f0xx.o(i.SystemInit)
    i.TI1_Config                             0x08002474   Section        0  stm32f0xx_tim.o(i.TI1_Config)
    TI1_Config                               0x08002475   Thumb Code    52  stm32f0xx_tim.o(i.TI1_Config)
    i.TI2_Config                             0x080024ac   Section        0  stm32f0xx_tim.o(i.TI2_Config)
    TI2_Config                               0x080024ad   Thumb Code    66  stm32f0xx_tim.o(i.TI2_Config)
    i.TI3_Config                             0x080024f8   Section        0  stm32f0xx_tim.o(i.TI3_Config)
    TI3_Config                               0x080024f9   Thumb Code    64  stm32f0xx_tim.o(i.TI3_Config)
    i.TI4_Config                             0x08002540   Section        0  stm32f0xx_tim.o(i.TI4_Config)
    TI4_Config                               0x08002541   Thumb Code    66  stm32f0xx_tim.o(i.TI4_Config)
    i.TIM14_IRQHandler                       0x08002590   Section        0  stm32f0xx_it.o(i.TIM14_IRQHandler)
    i.TIM16_IRQHandler                       0x080025a0   Section        0  stm32f0xx_it.o(i.TIM16_IRQHandler)
    i.TIM1_BRK_UP_TRG_COM_IRQHandler         0x080025c4   Section        0  stm32f0xx_it.o(i.TIM1_BRK_UP_TRG_COM_IRQHandler)
    i.TIM1_CC_IRQHandler                     0x080026d4   Section        0  stm32f0xx_it.o(i.TIM1_CC_IRQHandler)
    i.TIM3_IRQHandler                        0x08002704   Section        0  stm32f0xx_it.o(i.TIM3_IRQHandler)
    i.TIM_ARRPreloadConfig                   0x0800279c   Section        0  stm32f0xx_tim.o(i.TIM_ARRPreloadConfig)
    i.TIM_ClearFlag                          0x080027b8   Section        0  stm32f0xx_tim.o(i.TIM_ClearFlag)
    i.TIM_ClearITPendingBit                  0x080027be   Section        0  stm32f0xx_tim.o(i.TIM_ClearITPendingBit)
    i.TIM_Cmd                                0x080027c4   Section        0  stm32f0xx_tim.o(i.TIM_Cmd)
    i.TIM_CtrlPWMOutputs                     0x080027e0   Section        0  stm32f0xx_tim.o(i.TIM_CtrlPWMOutputs)
    i.TIM_DeInit                             0x08002804   Section        0  stm32f0xx_tim.o(i.TIM_DeInit)
    i.TIM_GenerateEvent                      0x080028ec   Section        0  stm32f0xx_tim.o(i.TIM_GenerateEvent)
    i.TIM_GetCapture4                        0x080028f0   Section        0  stm32f0xx_tim.o(i.TIM_GetCapture4)
    i.TIM_GetITStatus                        0x080028f6   Section        0  stm32f0xx_tim.o(i.TIM_GetITStatus)
    i.TIM_ICInit                             0x0800291c   Section        0  stm32f0xx_tim.o(i.TIM_ICInit)
    i.TIM_ITConfig                           0x0800298c   Section        0  stm32f0xx_tim.o(i.TIM_ITConfig)
    i.TIM_OC1Init                            0x080029a0   Section        0  stm32f0xx_tim.o(i.TIM_OC1Init)
    i.TIM_SetAutoreload                      0x08002a34   Section        0  stm32f0xx_tim.o(i.TIM_SetAutoreload)
    i.TIM_SetCompare1                        0x08002a38   Section        0  stm32f0xx_tim.o(i.TIM_SetCompare1)
    i.TIM_SetIC1Prescaler                    0x08002a3c   Section        0  stm32f0xx_tim.o(i.TIM_SetIC1Prescaler)
    i.TIM_SetIC2Prescaler                    0x08002a50   Section        0  stm32f0xx_tim.o(i.TIM_SetIC2Prescaler)
    i.TIM_SetIC3Prescaler                    0x08002a68   Section        0  stm32f0xx_tim.o(i.TIM_SetIC3Prescaler)
    i.TIM_SetIC4Prescaler                    0x08002a7c   Section        0  stm32f0xx_tim.o(i.TIM_SetIC4Prescaler)
    i.TIM_TimeBaseInit                       0x08002a94   Section        0  stm32f0xx_tim.o(i.TIM_TimeBaseInit)
    i.Temperature_Measure_Init               0x08002b10   Section        0  user_temperature_measure.o(i.Temperature_Measure_Init)
    i.Temperature_Measure_Process            0x08002b8c   Section        0  user_temperature_measure.o(i.Temperature_Measure_Process)
    i.Timer14_Init                           0x08002bf4   Section        0  user_timer.o(i.Timer14_Init)
    i.User_System_Init                       0x08002c84   Section        0  main.o(i.User_System_Init)
    i.main                                   0x08002cb4   Section        0  main.o(i.main)
    x$fpl$fadd                               0x08002cc4   Section      140  faddsub.o(x$fpl$fadd)
    _fadd1                                   0x08002cd1   Thumb Code     0  faddsub.o(x$fpl$fadd)
    x$fpl$fsub                               0x08002d50   Section      208  faddsub.o(x$fpl$fsub)
    _fsub1                                   0x08002d5d   Thumb Code     0  faddsub.o(x$fpl$fsub)
    .constdata                               0x08002e20   Section      180  user_temperature_measure.o(.constdata)
    x$fpl$usenofp                            0x08002e20   Section        0  usenofp.o(x$fpl$usenofp)
    .constdata                               0x08002ed4   Section       64  fdiv.o(.constdata)
    fdiv_tab                                 0x08002ed4   Data          64  fdiv.o(.constdata)
    .data                                    0x20000000   Section        3  user_keypress.o(.data)
    count                                    0x20000002   Data           1  user_keypress.o(.data)
    .data                                    0x20000004   Section       43  user_power_measure.o(.data)
    .data                                    0x2000002f   Section        1  user_slave_i2c.o(.data)
    .data                                    0x20000030   Section       10  user_temperature_measure.o(.data)
    TempTimeCnt                              0x20000038   Data           2  user_temperature_measure.o(.data)
    .data                                    0x2000003a   Section        6  user_ir.o(.data)
    learnCnt                                 0x2000003a   Data           1  user_ir.o(.data)
    IrLearnNum                               0x2000003c   Data           2  user_ir.o(.data)
    MaxWaitTime                              0x2000003e   Data           2  user_ir.o(.data)
    .data                                    0x20000040   Section       20  system_stm32f0xx.o(.data)
    .bss                                     0x20000054   Section       74  user_slave_i2c.o(.bss)
    .bss                                     0x200000a0   Section     2600  user_ir.o(.bss)
    .bss                                     0x20000ac8   Section       96  libspace.o(.bss)
    HEAP                                     0x20000b28   Section      256  startup_stm32f0xx.o(HEAP)
    Heap_Mem                                 0x20000b28   Data         256  startup_stm32f0xx.o(HEAP)
    STACK                                    0x20000c28   Section      864  startup_stm32f0xx.o(STACK)
    Stack_Mem                                0x20000c28   Data         864  startup_stm32f0xx.o(STACK)
    __initial_sp                             0x20000f88   Data           0  startup_stm32f0xx.o(STACK)

    Global Symbols

    Symbol Name                              Value     Ov Type        Size  Object(Section)

    BuildAttributes$$THM_ISAv3M$S$PE$A:L22$X:L11$S22$IEEE1$IW$USESV6$~STKCKD$USESV7$~SHL$OSPACE$ROPI$EBA8$UX$STANDARDLIB$REQ8$PRES8$EABIv2 0x00000000   Number         0  anon$$obj.o ABSOLUTE
    __ARM_use_no_argv                        0x00000000   Number         0  main.o ABSOLUTE
    __ARM_exceptions_init                     - Undefined Weak Reference
    __alloca_initialize                       - Undefined Weak Reference
    __cpp_initialize__aeabi_                  - Undefined Weak Reference
    __cxa_finalize                            - Undefined Weak Reference
    __rt_locale                               - Undefined Weak Reference
    __sigvec_lookup                           - Undefined Weak Reference
    _atexit_init                              - Undefined Weak Reference
    _call_atexit_fns                          - Undefined Weak Reference
    _clock_init                               - Undefined Weak Reference
    _fp_trap_init                             - Undefined Weak Reference
    _fp_trap_shutdown                         - Undefined Weak Reference
    _get_lc_collate                           - Undefined Weak Reference
    _get_lc_ctype                             - Undefined Weak Reference
    _get_lc_monetary                          - Undefined Weak Reference
    _get_lc_numeric                           - Undefined Weak Reference
    _get_lc_time                              - Undefined Weak Reference
    _getenv_init                              - Undefined Weak Reference
    _handle_redirection                       - Undefined Weak Reference
    _init_alloc                               - Undefined Weak Reference
    _init_user_alloc                          - Undefined Weak Reference
    _initio                                   - Undefined Weak Reference
    _rand_init                                - Undefined Weak Reference
    _signal_finish                            - Undefined Weak Reference
    _signal_init                              - Undefined Weak Reference
    _terminate_alloc                          - Undefined Weak Reference
    _terminate_user_alloc                     - Undefined Weak Reference
    _terminateio                              - Undefined Weak Reference
    __Vectors_Size                           0x000000c0   Number         0  startup_stm32f0xx.o ABSOLUTE
    __Vectors                                0x08000000   Data           4  startup_stm32f0xx.o(RESET)
    __Vectors_End                            0x080000c0   Data           0  startup_stm32f0xx.o(RESET)
    __main                                   0x080000c1   Thumb Code     8  __main.o(!!!main)
    __scatterload                            0x080000c9   Thumb Code     0  __scatter.o(!!!scatter)
    __scatterload_rt2                        0x080000c9   Thumb Code    52  __scatter.o(!!!scatter)
    __scatterload_rt2_thumb_only             0x080000c9   Thumb Code     0  __scatter.o(!!!scatter)
    __scatterload_null                       0x080000d9   Thumb Code     0  __scatter.o(!!!scatter)
    __scatterload_copy                       0x08000105   Thumb Code    26  __scatter_copy.o(!!handler_copy)
    __scatterload_zeroinit                   0x08000121   Thumb Code    28  __scatter_zi.o(!!handler_zi)
    __rt_lib_init                            0x0800013d   Thumb Code     0  libinit.o(.ARM.Collect$$libinit$$00000000)
    __rt_lib_init_fp_1                       0x0800013f   Thumb Code     0  libinit2.o(.ARM.Collect$$libinit$$00000001)
    __rt_lib_init_alloca_1                   0x08000143   Thumb Code     0  libinit2.o(.ARM.Collect$$libinit$$0000002C)
    __rt_lib_init_argv_1                     0x08000143   Thumb Code     0  libinit2.o(.ARM.Collect$$libinit$$0000002A)
    __rt_lib_init_atexit_1                   0x08000143   Thumb Code     0  libinit2.o(.ARM.Collect$$libinit$$00000019)
    __rt_lib_init_clock_1                    0x08000143   Thumb Code     0  libinit2.o(.ARM.Collect$$libinit$$0000001F)
    __rt_lib_init_cpp_1                      0x08000143   Thumb Code     0  libinit2.o(.ARM.Collect$$libinit$$00000030)
    __rt_lib_init_exceptions_1               0x08000143   Thumb Code     0  libinit2.o(.ARM.Collect$$libinit$$0000002E)
    __rt_lib_init_fp_trap_1                  0x08000143   Thumb Code     0  libinit2.o(.ARM.Collect$$libinit$$0000001D)
    __rt_lib_init_getenv_1                   0x08000143   Thumb Code     0  libinit2.o(.ARM.Collect$$libinit$$00000021)
    __rt_lib_init_heap_1                     0x08000143   Thumb Code     0  libinit2.o(.ARM.Collect$$libinit$$00000008)
    __rt_lib_init_lc_collate_1               0x08000143   Thumb Code     0  libinit2.o(.ARM.Collect$$libinit$$0000000F)
    __rt_lib_init_lc_ctype_1                 0x08000143   Thumb Code     0  libinit2.o(.ARM.Collect$$libinit$$00000011)
    __rt_lib_init_lc_monetary_1              0x08000143   Thumb Code     0  libinit2.o(.ARM.Collect$$libinit$$00000013)
    __rt_lib_init_lc_numeric_1               0x08000143   Thumb Code     0  libinit2.o(.ARM.Collect$$libinit$$00000015)
    __rt_lib_init_lc_time_1                  0x08000143   Thumb Code     0  libinit2.o(.ARM.Collect$$libinit$$00000017)
    __rt_lib_init_rand_1                     0x08000143   Thumb Code     0  libinit2.o(.ARM.Collect$$libinit$$0000000C)
    __rt_lib_init_return                     0x08000143   Thumb Code     0  libinit2.o(.ARM.Collect$$libinit$$00000031)
    __rt_lib_init_signal_1                   0x08000143   Thumb Code     0  libinit2.o(.ARM.Collect$$libinit$$0000001B)
    __rt_lib_init_stdio_1                    0x08000143   Thumb Code     0  libinit2.o(.ARM.Collect$$libinit$$00000023)
    __rt_lib_init_user_alloc_1               0x08000143   Thumb Code     0  libinit2.o(.ARM.Collect$$libinit$$0000000A)
    __rt_lib_shutdown                        0x08000145   Thumb Code     0  libshutdown.o(.ARM.Collect$$libshutdown$$00000000)
    __rt_lib_shutdown_fp_trap_1              0x08000147   Thumb Code     0  libshutdown2.o(.ARM.Collect$$libshutdown$$00000006)
    __rt_lib_shutdown_heap_1                 0x08000147   Thumb Code     0  libshutdown2.o(.ARM.Collect$$libshutdown$$0000000E)
    __rt_lib_shutdown_return                 0x08000147   Thumb Code     0  libshutdown2.o(.ARM.Collect$$libshutdown$$0000000F)
    __rt_lib_shutdown_signal_1               0x08000147   Thumb Code     0  libshutdown2.o(.ARM.Collect$$libshutdown$$00000009)
    __rt_lib_shutdown_stdio_1                0x08000147   Thumb Code     0  libshutdown2.o(.ARM.Collect$$libshutdown$$00000003)
    __rt_lib_shutdown_user_alloc_1           0x08000147   Thumb Code     0  libshutdown2.o(.ARM.Collect$$libshutdown$$0000000B)
    __rt_entry                               0x08000149   Thumb Code     0  rtentry.o(.ARM.Collect$$rtentry$$00000000)
    __rt_entry_presh_1                       0x08000149   Thumb Code     0  rtentry2.o(.ARM.Collect$$rtentry$$00000002)
    __rt_entry_sh                            0x08000149   Thumb Code     0  rtentry4.o(.ARM.Collect$$rtentry$$00000004)
    __rt_entry_li                            0x0800014f   Thumb Code     0  rtentry2.o(.ARM.Collect$$rtentry$$0000000A)
    __rt_entry_postsh_1                      0x0800014f   Thumb Code     0  rtentry2.o(.ARM.Collect$$rtentry$$00000009)
    __rt_entry_main                          0x08000153   Thumb Code     0  rtentry2.o(.ARM.Collect$$rtentry$$0000000D)
    __rt_entry_postli_1                      0x08000153   Thumb Code     0  rtentry2.o(.ARM.Collect$$rtentry$$0000000C)
    __rt_exit                                0x0800015b   Thumb Code     0  rtexit.o(.ARM.Collect$$rtexit$$00000000)
    __rt_exit_ls                             0x0800015d   Thumb Code     0  rtexit2.o(.ARM.Collect$$rtexit$$00000003)
    __rt_exit_prels_1                        0x0800015d   Thumb Code     0  rtexit2.o(.ARM.Collect$$rtexit$$00000002)
    __rt_exit_exit                           0x08000161   Thumb Code     0  rtexit2.o(.ARM.Collect$$rtexit$$00000004)
    __aeabi_memcpy4                          0x08000169   Thumb Code    56  rt_memcpy.o(.emb_text)
    __aeabi_memcpy8                          0x08000169   Thumb Code     0  rt_memcpy.o(.emb_text)
    Reset_Handler                            0x080001a1   Thumb Code     8  startup_stm32f0xx.o(.text)
    SysTick_Handler                          0x080001b1   Thumb Code     2  startup_stm32f0xx.o(.text)
    ADC1_COMP_IRQHandler                     0x080001b3   Thumb Code     0  startup_stm32f0xx.o(.text)
    CEC_IRQHandler                           0x080001b3   Thumb Code     0  startup_stm32f0xx.o(.text)
    DMA1_Channel1_IRQHandler                 0x080001b3   Thumb Code     0  startup_stm32f0xx.o(.text)
    DMA1_Channel2_3_IRQHandler               0x080001b3   Thumb Code     0  startup_stm32f0xx.o(.text)
    DMA1_Channel4_5_IRQHandler               0x080001b3   Thumb Code     0  startup_stm32f0xx.o(.text)
    EXTI0_1_IRQHandler                       0x080001b3   Thumb Code     0  startup_stm32f0xx.o(.text)
    EXTI4_15_IRQHandler                      0x080001b3   Thumb Code     0  startup_stm32f0xx.o(.text)
    FLASH_IRQHandler                         0x080001b3   Thumb Code     0  startup_stm32f0xx.o(.text)
    I2C2_IRQHandler                          0x080001b3   Thumb Code     0  startup_stm32f0xx.o(.text)
    PVD_IRQHandler                           0x080001b3   Thumb Code     0  startup_stm32f0xx.o(.text)
    RCC_IRQHandler                           0x080001b3   Thumb Code     0  startup_stm32f0xx.o(.text)
    RTC_IRQHandler                           0x080001b3   Thumb Code     0  startup_stm32f0xx.o(.text)
    SPI1_IRQHandler                          0x080001b3   Thumb Code     0  startup_stm32f0xx.o(.text)
    SPI2_IRQHandler                          0x080001b3   Thumb Code     0  startup_stm32f0xx.o(.text)
    TIM15_IRQHandler                         0x080001b3   Thumb Code     0  startup_stm32f0xx.o(.text)
    TIM17_IRQHandler                         0x080001b3   Thumb Code     0  startup_stm32f0xx.o(.text)
    TIM2_IRQHandler                          0x080001b3   Thumb Code     0  startup_stm32f0xx.o(.text)
    TIM6_DAC_IRQHandler                      0x080001b3   Thumb Code     0  startup_stm32f0xx.o(.text)
    TS_IRQHandler                            0x080001b3   Thumb Code     0  startup_stm32f0xx.o(.text)
    USART1_IRQHandler                        0x080001b3   Thumb Code     0  startup_stm32f0xx.o(.text)
    USART2_IRQHandler                        0x080001b3   Thumb Code     0  startup_stm32f0xx.o(.text)
    WWDG_IRQHandler                          0x080001b3   Thumb Code     0  startup_stm32f0xx.o(.text)
    __user_initial_stackheap                 0x080001b5   Thumb Code     0  startup_stm32f0xx.o(.text)
    __aeabi_memcpy                           0x080001d9   Thumb Code   130  rt_memcpy.o(.text)
    __rt_memcpy                              0x080001d9   Thumb Code     0  rt_memcpy.o(.text)
    __aeabi_uidiv                            0x0800025b   Thumb Code     0  aeabi_sdiv.o(.text)
    __aeabi_uidivmod                         0x0800025b   Thumb Code    20  aeabi_sdiv.o(.text)
    __aeabi_idiv                             0x0800026f   Thumb Code     0  aeabi_sdiv.o(.text)
    __aeabi_idivmod                          0x0800026f   Thumb Code   326  aeabi_sdiv.o(.text)
    __use_two_region_memory                  0x080003b5   Thumb Code     2  heapauxi.o(.text)
    __rt_heap_escrow$2region                 0x080003b7   Thumb Code     2  heapauxi.o(.text)
    __rt_heap_expand$2region                 0x080003b9   Thumb Code     2  heapauxi.o(.text)
    __aeabi_d2f                              0x080003bd   Thumb Code     0  d2f.o(.text)
    _d2f                                     0x080003bd   Thumb Code   120  d2f.o(.text)
    __aeabi_dadd                             0x08000731   Thumb Code     0  daddsub.o(.text)
    _dadd                                    0x08000731   Thumb Code    22  daddsub.o(.text)
    __aeabi_dsub                             0x08000747   Thumb Code     0  daddsub.o(.text)
    _dsub                                    0x08000747   Thumb Code    22  daddsub.o(.text)
    __aeabi_drsub                            0x0800075d   Thumb Code     0  daddsub.o(.text)
    _drsb                                    0x0800075d   Thumb Code    24  daddsub.o(.text)
    __aeabi_f2d                              0x08000789   Thumb Code     0  f2d.o(.text)
    _f2d                                     0x08000789   Thumb Code    80  f2d.o(.text)
    __aeabi_fdiv                             0x080007dd   Thumb Code     0  fdiv.o(.text)
    _fdiv                                    0x080007dd   Thumb Code   336  fdiv.o(.text)
    _frdiv                                   0x0800092d   Thumb Code     8  fdiv.o(.text)
    __aeabi_f2uiz                            0x0800093d   Thumb Code     0  ffixui.o(.text)
    _ffixu                                   0x0800093d   Thumb Code    48  ffixui.o(.text)
    __aeabi_i2f_normalise                    0x0800096d   Thumb Code    72  fflti.o(.text)
    __aeabi_i2f                              0x080009b5   Thumb Code    16  fflti.o(.text)
    _fflt                                    0x080009b5   Thumb Code     0  fflti.o(.text)
    __aeabi_ui2f                             0x080009c5   Thumb Code     6  fflti.o(.text)
    _ffltu                                   0x080009c5   Thumb Code     0  fflti.o(.text)
    __user_setup_stackheap                   0x080009cb   Thumb Code    62  sys_stackheap_outer.o(.text)
    exit                                     0x08000a09   Thumb Code    12  exit.o(.text)
    __user_libspace                          0x08000a15   Thumb Code     8  libspace.o(.text)
    __user_perproc_libspace                  0x08000a15   Thumb Code     0  libspace.o(.text)
    __user_perthread_libspace                0x08000a15   Thumb Code     0  libspace.o(.text)
    _sys_exit                                0x08000a1d   Thumb Code     8  sys_exit.o(.text)
    __I$use$semihosting                      0x08000a29   Thumb Code     0  use_no_semi.o(.text)
    __use_no_semihosting_swi                 0x08000a29   Thumb Code     2  use_no_semi.o(.text)
    ADC_ChannelConfig                        0x08000a2b   Thumb Code    24  stm32f0xx_adc.o(i.ADC_ChannelConfig)
    __semihosting_library_function           0x08000a2b   Thumb Code     0  indicate_semi.o(.text)
    ADC_ClearFlag                            0x08000a43   Thumb Code     4  stm32f0xx_adc.o(i.ADC_ClearFlag)
    ADC_Cmd                                  0x08000a47   Thumb Code    24  stm32f0xx_adc.o(i.ADC_Cmd)
    ADC_DeInit                               0x08000a61   Thumb Code    28  stm32f0xx_adc.o(i.ADC_DeInit)
    ADC_GetCalibrationFactor                 0x08000a81   Thumb Code    60  stm32f0xx_adc.o(i.ADC_GetCalibrationFactor)
    ADC_GetConversionValue                   0x08000abd   Thumb Code     8  stm32f0xx_adc.o(i.ADC_GetConversionValue)
    ADC_GetFlagStatus                        0x08000ac5   Thumb Code    48  stm32f0xx_adc.o(i.ADC_GetFlagStatus)
    ADC_ITConfig                             0x08000af5   Thumb Code    20  stm32f0xx_adc.o(i.ADC_ITConfig)
    ADC_Init                                 0x08000b09   Thumb Code    40  stm32f0xx_adc.o(i.ADC_Init)
    ADC_StartOfConversion                    0x08000b35   Thumb Code    10  stm32f0xx_adc.o(i.ADC_StartOfConversion)
    ADC_StructInit                           0x08000b3f   Thumb Code    16  stm32f0xx_adc.o(i.ADC_StructInit)
    EXTI2_3_IRQHandler                       0x08000b4f   Thumb Code    14  stm32f0xx_it.o(i.EXTI2_3_IRQHandler)
    EXTI_ClearITPendingBit                   0x08000b5d   Thumb Code     6  stm32f0xx_exti.o(i.EXTI_ClearITPendingBit)
    EXTI_Init                                0x08000b69   Thumb Code   132  stm32f0xx_exti.o(i.EXTI_Init)
    Event_Poll                               0x08000bf1   Thumb Code    20  main.o(i.Event_Poll)
    GPIO_DeInit                              0x08000c05   Thumb Code   132  stm32f0xx_gpio.o(i.GPIO_DeInit)
    GPIO_Default_Init                        0x08000c99   Thumb Code   148  user_gpio.o(i.GPIO_Default_Init)
    GPIO_Init                                0x08000d31   Thumb Code   144  stm32f0xx_gpio.o(i.GPIO_Init)
    GPIO_PinAFConfig                         0x08000dc1   Thumb Code    68  stm32f0xx_gpio.o(i.GPIO_PinAFConfig)
    GPIO_ReadInputData                       0x08000e05   Thumb Code     6  stm32f0xx_gpio.o(i.GPIO_ReadInputData)
    GPIO_ReadOutputData                      0x08000e0b   Thumb Code     6  stm32f0xx_gpio.o(i.GPIO_ReadOutputData)
    GPIO_ResetBits                           0x08000e11   Thumb Code     4  stm32f0xx_gpio.o(i.GPIO_ResetBits)
    GPIO_SetBits                             0x08000e15   Thumb Code     4  stm32f0xx_gpio.o(i.GPIO_SetBits)
    GPIO_WriteBit                            0x08000e19   Thumb Code    12  stm32f0xx_gpio.o(i.GPIO_WriteBit)
    GetTemp                                  0x08000e25   Thumb Code   172  user_temperature_measure.o(i.GetTemp)
    HLW8012_Measure_P                        0x08000ee1   Thumb Code   112  user_power_measure.o(i.HLW8012_Measure_P)
    HardFault_Handler                        0x08000f75   Thumb Code     4  stm32f0xx_it.o(i.HardFault_Handler)
    I2C1_IRQHandler                          0x08000f79   Thumb Code    16  stm32f0xx_it.o(i.I2C1_IRQHandler)
    I2C1_Interrupt_process                   0x08000f91   Thumb Code   410  user_slave_i2c.o(i.I2C1_Interrupt_process)
    I2C_ClearFlag                            0x08001139   Thumb Code     4  stm32f0xx_i2c.o(i.I2C_ClearFlag)
    I2C_ClearITPendingBit                    0x0800113d   Thumb Code     4  stm32f0xx_i2c.o(i.I2C_ClearITPendingBit)
    I2C_Cmd                                  0x08001141   Thumb Code    24  stm32f0xx_i2c.o(i.I2C_Cmd)
    I2C_DeInit                               0x08001159   Thumb Code    50  stm32f0xx_i2c.o(i.I2C_DeInit)
    I2C_GPIO_Configuration                   0x08001191   Thumb Code    84  user_slave_i2c.o(i.I2C_GPIO_Configuration)
    I2C_GenerateSTOP                         0x080011e5   Thumb Code    28  stm32f0xx_i2c.o(i.I2C_GenerateSTOP)
    I2C_ITConfig                             0x0800148d   Thumb Code    20  stm32f0xx_i2c.o(i.I2C_ITConfig)
    I2C_Init                                 0x080014a1   Thumb Code    98  stm32f0xx_i2c.o(i.I2C_Init)
    I2C_NVIC_Config                          0x0800150d   Thumb Code    22  user_slave_i2c.o(i.I2C_NVIC_Config)
    I2C_ReceiveData                          0x08001523   Thumb Code     8  stm32f0xx_i2c.o(i.I2C_ReceiveData)
    I2C_SendData                             0x0800152b   Thumb Code     4  stm32f0xx_i2c.o(i.I2C_SendData)
    I2C_Slave_Config                         0x08001531   Thumb Code    80  user_slave_i2c.o(i.I2C_Slave_Config)
    I2c_Slave_Init                           0x08001585   Thumb Code    20  user_slave_i2c.o(i.I2c_Slave_Init)
    I2c_Slave_Variable_Init                  0x08001599   Thumb Code    22  user_slave_i2c.o(i.I2c_Slave_Variable_Init)
    IWDG_Config                              0x080015b5   Thumb Code    30  main.o(i.IWDG_Config)
    IWDG_Enable                              0x080015d9   Thumb Code     8  stm32f0xx_iwdg.o(i.IWDG_Enable)
    IWDG_ReloadCounter                       0x080015e9   Thumb Code     8  stm32f0xx_iwdg.o(i.IWDG_ReloadCounter)
    IWDG_SetPrescaler                        0x080015f9   Thumb Code     6  stm32f0xx_iwdg.o(i.IWDG_SetPrescaler)
    IWDG_SetReload                           0x08001605   Thumb Code     6  stm32f0xx_iwdg.o(i.IWDG_SetReload)
    IWDG_WriteAccessCmd                      0x08001611   Thumb Code     6  stm32f0xx_iwdg.o(i.IWDG_WriteAccessCmd)
    Init_Rom                                 0x0800161d   Thumb Code    66  user_power_measure.o(i.Init_Rom)
    IrCapture                                0x08001695   Thumb Code   172  user_ir.o(i.IrCapture)
    IrLearnEnd                               0x08001751   Thumb Code   110  user_ir.o(i.IrLearnEnd)
    Ir_Data_Init                             0x080017c5   Thumb Code   150  user_ir.o(i.Ir_Data_Init)
    Ir_Event_Poll                            0x08001871   Thumb Code   640  user_ir.o(i.Ir_Event_Poll)
    Ir_Learn_Disable                         0x08001b01   Thumb Code    22  user_ir.o(i.Ir_Learn_Disable)
    Ir_Learn_Enable                          0x08001b1d   Thumb Code    38  user_ir.o(i.Ir_Learn_Enable)
    Ir_Learn_Init                            0x08001b49   Thumb Code   124  user_ir.o(i.Ir_Learn_Init)
    Ir_Send_Disable                          0x08001bd1   Thumb Code    30  user_ir.o(i.Ir_Send_Disable)
    Ir_Send_Enable                           0x08001bf5   Thumb Code   276  user_ir.o(i.Ir_Send_Enable)
    Ir_Test_Learn_End                        0x08001d19   Thumb Code   104  user_ir.o(i.Ir_Test_Learn_End)
    NMI_Handler                              0x08001d91   Thumb Code     2  stm32f0xx_it.o(i.NMI_Handler)
    NVIC_Init                                0x08001d95   Thumb Code   106  stm32f0xx_misc.o(i.NVIC_Init)
    PendSV_Handler                           0x08001e05   Thumb Code     2  stm32f0xx_it.o(i.PendSV_Handler)
    PowerIntProcess                          0x08001e09   Thumb Code   256  user_power_measure.o(i.PowerIntProcess)
    PowerTimerInt                            0x08001f3d   Thumb Code   146  user_power_measure.o(i.PowerTimerInt)
    Power_Measure_Init                       0x08002001   Thumb Code   178  user_power_measure.o(i.Power_Measure_Init)
    Process_KeyPress_Event                   0x080020b9   Thumb Code   258  user_keypress.o(i.Process_KeyPress_Event)
    RCC_AHBPeriphClockCmd                    0x080021c9   Thumb Code    28  stm32f0xx_rcc.o(i.RCC_AHBPeriphClockCmd)
    RCC_AHBPeriphResetCmd                    0x080021e9   Thumb Code    28  stm32f0xx_rcc.o(i.RCC_AHBPeriphResetCmd)
    RCC_APB1PeriphClockCmd                   0x08002209   Thumb Code    28  stm32f0xx_rcc.o(i.RCC_APB1PeriphClockCmd)
    RCC_APB1PeriphResetCmd                   0x08002229   Thumb Code    28  stm32f0xx_rcc.o(i.RCC_APB1PeriphResetCmd)
    RCC_APB2PeriphClockCmd                   0x08002249   Thumb Code    28  stm32f0xx_rcc.o(i.RCC_APB2PeriphClockCmd)
    RCC_APB2PeriphResetCmd                   0x08002269   Thumb Code    28  stm32f0xx_rcc.o(i.RCC_APB2PeriphResetCmd)
    RCC_I2CCLKConfig                         0x08002289   Thumb Code    22  stm32f0xx_rcc.o(i.RCC_I2CCLKConfig)
    Read_CalData_EEPROM                      0x080022a5   Thumb Code    20  user_power_measure.o(i.Read_CalData_EEPROM)
    SVC_Handler                              0x080022cd   Thumb Code     2  stm32f0xx_it.o(i.SVC_Handler)
    SYSCFG_EXTILineConfig                    0x080022d1   Thumb Code    60  stm32f0xx_syscfg.o(i.SYSCFG_EXTILineConfig)
    Send_Int_Event                           0x08002311   Thumb Code    14  user_keypress.o(i.Send_Int_Event)
    SystemInit                               0x080023f9   Thumb Code   110  system_stm32f0xx.o(i.SystemInit)
    TIM14_IRQHandler                         0x08002591   Thumb Code    12  stm32f0xx_it.o(i.TIM14_IRQHandler)
    TIM16_IRQHandler                         0x080025a1   Thumb Code    32  stm32f0xx_it.o(i.TIM16_IRQHandler)
    TIM1_BRK_UP_TRG_COM_IRQHandler           0x080025c5   Thumb Code   256  stm32f0xx_it.o(i.TIM1_BRK_UP_TRG_COM_IRQHandler)
    TIM1_CC_IRQHandler                       0x080026d5   Thumb Code    34  stm32f0xx_it.o(i.TIM1_CC_IRQHandler)
    TIM3_IRQHandler                          0x08002705   Thumb Code   140  stm32f0xx_it.o(i.TIM3_IRQHandler)
    TIM_ARRPreloadConfig                     0x0800279d   Thumb Code    24  stm32f0xx_tim.o(i.TIM_ARRPreloadConfig)
    TIM_ClearFlag                            0x080027b9   Thumb Code     6  stm32f0xx_tim.o(i.TIM_ClearFlag)
    TIM_ClearITPendingBit                    0x080027bf   Thumb Code     6  stm32f0xx_tim.o(i.TIM_ClearITPendingBit)
    TIM_Cmd                                  0x080027c5   Thumb Code    24  stm32f0xx_tim.o(i.TIM_Cmd)
    TIM_CtrlPWMOutputs                       0x080027e1   Thumb Code    34  stm32f0xx_tim.o(i.TIM_CtrlPWMOutputs)
    TIM_DeInit                               0x08002805   Thumb Code   204  stm32f0xx_tim.o(i.TIM_DeInit)
    TIM_GenerateEvent                        0x080028ed   Thumb Code     4  stm32f0xx_tim.o(i.TIM_GenerateEvent)
    TIM_GetCapture4                          0x080028f1   Thumb Code     6  stm32f0xx_tim.o(i.TIM_GetCapture4)
    TIM_GetITStatus                          0x080028f7   Thumb Code    38  stm32f0xx_tim.o(i.TIM_GetITStatus)
    TIM_ICInit                               0x0800291d   Thumb Code   112  stm32f0xx_tim.o(i.TIM_ICInit)
    TIM_ITConfig                             0x0800298d   Thumb Code    20  stm32f0xx_tim.o(i.TIM_ITConfig)
    TIM_OC1Init                              0x080029a1   Thumb Code   122  stm32f0xx_tim.o(i.TIM_OC1Init)
    TIM_SetAutoreload                        0x08002a35   Thumb Code     4  stm32f0xx_tim.o(i.TIM_SetAutoreload)
    TIM_SetCompare1                          0x08002a39   Thumb Code     4  stm32f0xx_tim.o(i.TIM_SetCompare1)
    TIM_SetIC1Prescaler                      0x08002a3d   Thumb Code    16  stm32f0xx_tim.o(i.TIM_SetIC1Prescaler)
    TIM_SetIC2Prescaler                      0x08002a51   Thumb Code    20  stm32f0xx_tim.o(i.TIM_SetIC2Prescaler)
    TIM_SetIC3Prescaler                      0x08002a69   Thumb Code    16  stm32f0xx_tim.o(i.TIM_SetIC3Prescaler)
    TIM_SetIC4Prescaler                      0x08002a7d   Thumb Code    20  stm32f0xx_tim.o(i.TIM_SetIC4Prescaler)
    TIM_TimeBaseInit                         0x08002a95   Thumb Code    90  stm32f0xx_tim.o(i.TIM_TimeBaseInit)
    Temperature_Measure_Init                 0x08002b11   Thumb Code   120  user_temperature_measure.o(i.Temperature_Measure_Init)
    Temperature_Measure_Process              0x08002b8d   Thumb Code    88  user_temperature_measure.o(i.Temperature_Measure_Process)
    Timer14_Init                             0x08002bf5   Thumb Code   130  user_timer.o(i.Timer14_Init)
    User_System_Init                         0x08002c85   Thumb Code    44  main.o(i.User_System_Init)
    main                                     0x08002cb5   Thumb Code    16  main.o(i.main)
    __aeabi_fadd                             0x08002cc5   Thumb Code     0  faddsub.o(x$fpl$fadd)
    _fadd                                    0x08002cc5   Thumb Code   134  faddsub.o(x$fpl$fadd)
    __aeabi_fsub                             0x08002d51   Thumb Code     0  faddsub.o(x$fpl$fsub)
    _fsub                                    0x08002d51   Thumb Code   204  faddsub.o(x$fpl$fsub)
    TempTable                                0x08002e20   Data         180  user_temperature_measure.o(.constdata)
    __I$use$fp                               0x08002e20   Number         0  usenofp.o(x$fpl$usenofp)
    Region$$Table$$Base                      0x08002f14   Number         0  anon$$obj.o(Region$$Table)
    Region$$Table$$Limit                     0x08002f34   Number         0  anon$$obj.o(Region$$Table)
    keyStatus2                               0x20000000   Data           2  user_keypress.o(.data)
    U16_P_TotalTimes                         0x20000004   Data           2  user_power_measure.o(.data)
    U16_P_OneCycleTime                       0x20000006   Data           2  user_power_measure.o(.data)
    U16_P_Last_OneCycleTime                  0x20000008   Data           2  user_power_measure.o(.data)
    U16_P_CNT                                0x2000000a   Data           2  user_power_measure.o(.data)
    U16_P_Last_CNT                           0x2000000c   Data           2  user_power_measure.o(.data)
    B_P_TestOneCycle_Mode                    0x2000000e   Data           1  user_power_measure.o(.data)
    B_P_Last_TestOneCycle_Mode               0x2000000f   Data           1  user_power_measure.o(.data)
    B_P_OVERFLOW                             0x20000010   Data           1  user_power_measure.o(.data)
    B_P_Last_OVERFLOW                        0x20000011   Data           1  user_power_measure.o(.data)
    U16_Cal_Times                            0x20000012   Data           2  user_power_measure.o(.data)
    U16_AC_P                                 0x20000014   Data           2  user_power_measure.o(.data)
    U32_AC_E                                 0x20000018   Data           4  user_power_measure.o(.data)
    U16_REF_001_E_Pluse_CNT                  0x2000001c   Data           2  user_power_measure.o(.data)
    U16_E_Pluse_CNT                          0x2000001e   Data           2  user_power_measure.o(.data)
    U32_Cal_Times                            0x20000020   Data           4  user_power_measure.o(.data)
    U32_P_REF_PLUSEWIDTH_TIME                0x20000024   Data           4  user_power_measure.o(.data)
    U32_P_CURRENT_PLUSEWIDTH_TIME            0x20000028   Data           4  user_power_measure.o(.data)
    U16_P_REF_Data                           0x2000002c   Data           2  user_power_measure.o(.data)
    U8_CURR_WorkMode                         0x2000002e   Data           1  user_power_measure.o(.data)
    Int_Event                                0x2000002f   Data           1  user_slave_i2c.o(.data)
    Temperature                              0x20000030   Data           4  user_temperature_measure.o(.data)
    Humidity                                 0x20000034   Data           4  user_temperature_measure.o(.data)
    SystemCoreClock                          0x20000040   Data           4  system_stm32f0xx.o(.data)
    AHBPrescTable                            0x20000044   Data          16  system_stm32f0xx.o(.data)
    stI2c                                    0x20000054   Data          74  user_slave_i2c.o(.bss)
    stIr                                     0x200000a0   Data          40  user_ir.o(.bss)
    IrData1                                  0x200000c8   Data        1280  user_ir.o(.bss)
    IrData2                                  0x200005c8   Data        1280  user_ir.o(.bss)
    __libspace_start                         0x20000ac8   Data          96  libspace.o(.bss)
    __temporary_stack_top$libspace           0x20000b28   Data           0  libspace.o(.bss)



==============================================================================

Memory Map of the image

  Image Entry point : 0x080000c1

  Load Region LR_IROM1 (Base: 0x08000000, Size: 0x00002f88, Max: 0x00004000, ABSOLUTE)

    Execution Region ER_IROM1 (Base: 0x08000000, Size: 0x00002f34, Max: 0x00004000, ABSOLUTE)

    Base Addr    Size         Type   Attr      Idx    E Section Name        Object

    0x08000000   0x000000c0   Data   RO          508    RESET               startup_stm32f0xx.o
    0x080000c0   0x00000008   Code   RO         3276  * !!!main             c_p.l(__main.o)
    0x080000c8   0x0000003c   Code   RO         3462    !!!scatter          c_p.l(__scatter.o)
    0x08000104   0x0000001a   Code   RO         3464    !!handler_copy      c_p.l(__scatter_copy.o)
    0x0800011e   0x00000002   PAD
    0x08000120   0x0000001c   Code   RO         3466    !!handler_zi        c_p.l(__scatter_zi.o)
    0x0800013c   0x00000002   Code   RO         3334    .ARM.Collect$$libinit$$00000000  c_p.l(libinit.o)
    0x0800013e   0x00000004   Code   RO         3347    .ARM.Collect$$libinit$$00000001  c_p.l(libinit2.o)
    0x08000142   0x00000000   Code   RO         3351    .ARM.Collect$$libinit$$00000008  c_p.l(libinit2.o)
    0x08000142   0x00000000   Code   RO         3353    .ARM.Collect$$libinit$$0000000A  c_p.l(libinit2.o)
    0x08000142   0x00000000   Code   RO         3355    .ARM.Collect$$libinit$$0000000C  c_p.l(libinit2.o)
    0x08000142   0x00000000   Code   RO         3358    .ARM.Collect$$libinit$$0000000F  c_p.l(libinit2.o)
    0x08000142   0x00000000   Code   RO         3360    .ARM.Collect$$libinit$$00000011  c_p.l(libinit2.o)
    0x08000142   0x00000000   Code   RO         3362    .ARM.Collect$$libinit$$00000013  c_p.l(libinit2.o)
    0x08000142   0x00000000   Code   RO         3364    .ARM.Collect$$libinit$$00000015  c_p.l(libinit2.o)
    0x08000142   0x00000000   Code   RO         3366    .ARM.Collect$$libinit$$00000017  c_p.l(libinit2.o)
    0x08000142   0x00000000   Code   RO         3368    .ARM.Collect$$libinit$$00000019  c_p.l(libinit2.o)
    0x08000142   0x00000000   Code   RO         3370    .ARM.Collect$$libinit$$0000001B  c_p.l(libinit2.o)
    0x08000142   0x00000000   Code   RO         3372    .ARM.Collect$$libinit$$0000001D  c_p.l(libinit2.o)
    0x08000142   0x00000000   Code   RO         3374    .ARM.Collect$$libinit$$0000001F  c_p.l(libinit2.o)
    0x08000142   0x00000000   Code   RO         3376    .ARM.Collect$$libinit$$00000021  c_p.l(libinit2.o)
    0x08000142   0x00000000   Code   RO         3378    .ARM.Collect$$libinit$$00000023  c_p.l(libinit2.o)
    0x08000142   0x00000000   Code   RO         3382    .ARM.Collect$$libinit$$0000002A  c_p.l(libinit2.o)
    0x08000142   0x00000000   Code   RO         3384    .ARM.Collect$$libinit$$0000002C  c_p.l(libinit2.o)
    0x08000142   0x00000000   Code   RO         3386    .ARM.Collect$$libinit$$0000002E  c_p.l(libinit2.o)
    0x08000142   0x00000000   Code   RO         3388    .ARM.Collect$$libinit$$00000030  c_p.l(libinit2.o)
    0x08000142   0x00000002   Code   RO         3389    .ARM.Collect$$libinit$$00000031  c_p.l(libinit2.o)
    0x08000144   0x00000002   Code   RO         3420    .ARM.Collect$$libshutdown$$00000000  c_p.l(libshutdown.o)
    0x08000146   0x00000000   Code   RO         3447    .ARM.Collect$$libshutdown$$00000003  c_p.l(libshutdown2.o)
    0x08000146   0x00000000   Code   RO         3450    .ARM.Collect$$libshutdown$$00000006  c_p.l(libshutdown2.o)
    0x08000146   0x00000000   Code   RO         3453    .ARM.Collect$$libshutdown$$00000009  c_p.l(libshutdown2.o)
    0x08000146   0x00000000   Code   RO         3455    .ARM.Collect$$libshutdown$$0000000B  c_p.l(libshutdown2.o)
    0x08000146   0x00000000   Code   RO         3458    .ARM.Collect$$libshutdown$$0000000E  c_p.l(libshutdown2.o)
    0x08000146   0x00000002   Code   RO         3459    .ARM.Collect$$libshutdown$$0000000F  c_p.l(libshutdown2.o)
    0x08000148   0x00000000   Code   RO         3297    .ARM.Collect$$rtentry$$00000000  c_p.l(rtentry.o)
    0x08000148   0x00000000   Code   RO         3304    .ARM.Collect$$rtentry$$00000002  c_p.l(rtentry2.o)
    0x08000148   0x00000006   Code   RO         3316    .ARM.Collect$$rtentry$$00000004  c_p.l(rtentry4.o)
    0x0800014e   0x00000000   Code   RO         3306    .ARM.Collect$$rtentry$$00000009  c_p.l(rtentry2.o)
    0x0800014e   0x00000004   Code   RO         3307    .ARM.Collect$$rtentry$$0000000A  c_p.l(rtentry2.o)
    0x08000152   0x00000000   Code   RO         3309    .ARM.Collect$$rtentry$$0000000C  c_p.l(rtentry2.o)
    0x08000152   0x00000008   Code   RO         3310    .ARM.Collect$$rtentry$$0000000D  c_p.l(rtentry2.o)
    0x0800015a   0x00000002   Code   RO         3339    .ARM.Collect$$rtexit$$00000000  c_p.l(rtexit.o)
    0x0800015c   0x00000000   Code   RO         3393    .ARM.Collect$$rtexit$$00000002  c_p.l(rtexit2.o)
    0x0800015c   0x00000004   Code   RO         3394    .ARM.Collect$$rtexit$$00000003  c_p.l(rtexit2.o)
    0x08000160   0x00000006   Code   RO         3395    .ARM.Collect$$rtexit$$00000004  c_p.l(rtexit2.o)
    0x08000166   0x00000002   PAD
    0x08000168   0x00000038   Code   RO         3266    .emb_text           c_p.l(rt_memcpy.o)
    0x080001a0   0x00000038   Code   RO          509    .text               startup_stm32f0xx.o
    0x080001d8   0x00000082   Code   RO         3267    .text               c_p.l(rt_memcpy.o)
    0x0800025a   0x0000015a   Code   RO         3270    .text               c_p.l(aeabi_sdiv.o)
    0x080003b4   0x00000006   Code   RO         3274    .text               c_p.l(heapauxi.o)
    0x080003ba   0x00000002   PAD
    0x080003bc   0x0000007c   Code   RO         3278    .text               fz_ps.l(d2f.o)
    0x08000438   0x00000350   Code   RO         3280    .text               fz_ps.l(daddsub.o)
    0x08000788   0x00000054   Code   RO         3282    .text               fz_ps.l(f2d.o)
    0x080007dc   0x00000160   Code   RO         3290    .text               fz_ps.l(fdiv.o)
    0x0800093c   0x00000030   Code   RO         3293    .text               fz_ps.l(ffixui.o)
    0x0800096c   0x0000005e   Code   RO         3295    .text               fz_ps.l(fflti.o)
    0x080009ca   0x0000003e   Code   RO         3320    .text               c_p.l(sys_stackheap_outer.o)
    0x08000a08   0x0000000c   Code   RO         3323    .text               c_p.l(exit.o)
    0x08000a14   0x00000008   Code   RO         3335    .text               c_p.l(libspace.o)
    0x08000a1c   0x0000000c   Code   RO         3390    .text               c_p.l(sys_exit.o)
    0x08000a28   0x00000002   Code   RO         3409    .text               c_p.l(use_no_semi.o)
    0x08000a2a   0x00000000   Code   RO         3411    .text               c_p.l(indicate_semi.o)
    0x08000a2a   0x00000018   Code   RO          520    i.ADC_ChannelConfig  stm32f0xx_adc.o
    0x08000a42   0x00000004   Code   RO          521    i.ADC_ClearFlag     stm32f0xx_adc.o
    0x08000a46   0x00000018   Code   RO          523    i.ADC_Cmd           stm32f0xx_adc.o
    0x08000a5e   0x00000002   PAD
    0x08000a60   0x00000020   Code   RO          527    i.ADC_DeInit        stm32f0xx_adc.o
    0x08000a80   0x0000003c   Code   RO          529    i.ADC_GetCalibrationFactor  stm32f0xx_adc.o
    0x08000abc   0x00000008   Code   RO          530    i.ADC_GetConversionValue  stm32f0xx_adc.o
    0x08000ac4   0x00000030   Code   RO          531    i.ADC_GetFlagStatus  stm32f0xx_adc.o
    0x08000af4   0x00000014   Code   RO          533    i.ADC_ITConfig      stm32f0xx_adc.o
    0x08000b08   0x0000002c   Code   RO          534    i.ADC_Init          stm32f0xx_adc.o
    0x08000b34   0x0000000a   Code   RO          537    i.ADC_StartOfConversion  stm32f0xx_adc.o
    0x08000b3e   0x00000010   Code   RO          539    i.ADC_StructInit    stm32f0xx_adc.o
    0x08000b4e   0x0000000e   Code   RO         2559    i.EXTI2_3_IRQHandler  stm32f0xx_it.o
    0x08000b5c   0x0000000c   Code   RO         2668    i.EXTI_ClearITPendingBit  stm32f0xx_exti.o
    0x08000b68   0x00000088   Code   RO         2673    i.EXTI_Init         stm32f0xx_exti.o
    0x08000bf0   0x00000014   Code   RO            3    i.Event_Poll        main.o
    0x08000c04   0x00000094   Code   RO          944    i.GPIO_DeInit       stm32f0xx_gpio.o
    0x08000c98   0x00000098   Code   RO          129    i.GPIO_Default_Init  user_gpio.o
    0x08000d30   0x00000090   Code   RO          945    i.GPIO_Init         stm32f0xx_gpio.o
    0x08000dc0   0x00000044   Code   RO          946    i.GPIO_PinAFConfig  stm32f0xx_gpio.o
    0x08000e04   0x00000006   Code   RO          948    i.GPIO_ReadInputData  stm32f0xx_gpio.o
    0x08000e0a   0x00000006   Code   RO          950    i.GPIO_ReadOutputData  stm32f0xx_gpio.o
    0x08000e10   0x00000004   Code   RO          952    i.GPIO_ResetBits    stm32f0xx_gpio.o
    0x08000e14   0x00000004   Code   RO          953    i.GPIO_SetBits      stm32f0xx_gpio.o
    0x08000e18   0x0000000c   Code   RO          956    i.GPIO_WriteBit     stm32f0xx_gpio.o
    0x08000e24   0x000000bc   Code   RO          317    i.GetTemp           user_temperature_measure.o
    0x08000ee0   0x00000094   Code   RO          179    i.HLW8012_Measure_P  user_power_measure.o
    0x08000f74   0x00000004   Code   RO         2560    i.HardFault_Handler  stm32f0xx_it.o
    0x08000f78   0x00000018   Code   RO         2561    i.I2C1_IRQHandler   stm32f0xx_it.o
    0x08000f90   0x000001a8   Code   RO          241    i.I2C1_Interrupt_process  user_slave_i2c.o
    0x08001138   0x00000004   Code   RO         1044    i.I2C_ClearFlag     stm32f0xx_i2c.o
    0x0800113c   0x00000004   Code   RO         1045    i.I2C_ClearITPendingBit  stm32f0xx_i2c.o
    0x08001140   0x00000018   Code   RO         1047    i.I2C_Cmd           stm32f0xx_i2c.o
    0x08001158   0x00000038   Code   RO         1049    i.I2C_DeInit        stm32f0xx_i2c.o
    0x08001190   0x00000054   Code   RO          242    i.I2C_GPIO_Configuration  user_slave_i2c.o
    0x080011e4   0x0000001c   Code   RO         1054    i.I2C_GenerateSTOP  stm32f0xx_i2c.o
    0x08001200   0x00000160   Code   RO          243    i.I2C_Get_Answer_Data  user_slave_i2c.o
    0x08001360   0x0000012c   Code   RO          244    i.I2C_Get_Request_Data  user_slave_i2c.o
    0x0800148c   0x00000014   Code   RO         1060    i.I2C_ITConfig      stm32f0xx_i2c.o
    0x080014a0   0x0000006c   Code   RO         1062    i.I2C_Init          stm32f0xx_i2c.o
    0x0800150c   0x00000016   Code   RO          245    i.I2C_NVIC_Config   user_slave_i2c.o
    0x08001522   0x00000008   Code   RO         1068    i.I2C_ReceiveData   stm32f0xx_i2c.o
    0x0800152a   0x00000004   Code   RO         1071    i.I2C_SendData      stm32f0xx_i2c.o
    0x0800152e   0x00000002   PAD
    0x08001530   0x00000054   Code   RO          246    i.I2C_Slave_Config  user_slave_i2c.o
    0x08001584   0x00000014   Code   RO          247    i.I2c_Slave_Init    user_slave_i2c.o
    0x08001598   0x0000001c   Code   RO          248    i.I2c_Slave_Variable_Init  user_slave_i2c.o
    0x080015b4   0x00000024   Code   RO            4    i.IWDG_Config       main.o
    0x080015d8   0x00000010   Code   RO         1308    i.IWDG_Enable       stm32f0xx_iwdg.o
    0x080015e8   0x00000010   Code   RO         1310    i.IWDG_ReloadCounter  stm32f0xx_iwdg.o
    0x080015f8   0x0000000c   Code   RO         1311    i.IWDG_SetPrescaler  stm32f0xx_iwdg.o
    0x08001604   0x0000000c   Code   RO         1312    i.IWDG_SetReload    stm32f0xx_iwdg.o
    0x08001610   0x0000000c   Code   RO         1314    i.IWDG_WriteAccessCmd  stm32f0xx_iwdg.o
    0x0800161c   0x00000078   Code   RO          180    i.Init_Rom          user_power_measure.o
    0x08001694   0x000000bc   Code   RO          387    i.IrCapture         user_ir.o
    0x08001750   0x00000074   Code   RO          388    i.IrLearnEnd        user_ir.o
    0x080017c4   0x000000ac   Code   RO          389    i.Ir_Data_Init      user_ir.o
    0x08001870   0x00000290   Code   RO          390    i.Ir_Event_Poll     user_ir.o
    0x08001b00   0x0000001c   Code   RO          391    i.Ir_Learn_Disable  user_ir.o
    0x08001b1c   0x0000002c   Code   RO          392    i.Ir_Learn_Enable   user_ir.o
    0x08001b48   0x00000088   Code   RO          393    i.Ir_Learn_Init     user_ir.o
    0x08001bd0   0x00000024   Code   RO          394    i.Ir_Send_Disable   user_ir.o
    0x08001bf4   0x00000124   Code   RO          395    i.Ir_Send_Enable    user_ir.o
    0x08001d18   0x00000078   Code   RO          396    i.Ir_Test_Learn_End  user_ir.o
    0x08001d90   0x00000002   Code   RO         2562    i.NMI_Handler       stm32f0xx_it.o
    0x08001d92   0x00000002   PAD
    0x08001d94   0x00000070   Code   RO         2732    i.NVIC_Init         stm32f0xx_misc.o
    0x08001e04   0x00000002   Code   RO         2563    i.PendSV_Handler    stm32f0xx_it.o
    0x08001e06   0x00000002   PAD
    0x08001e08   0x00000134   Code   RO          181    i.PowerIntProcess   user_power_measure.o
    0x08001f3c   0x000000c4   Code   RO          182    i.PowerTimerInt     user_power_measure.o
    0x08002000   0x000000b8   Code   RO          183    i.Power_Measure_Init  user_power_measure.o
    0x080020b8   0x00000110   Code   RO          149    i.Process_KeyPress_Event  user_keypress.o
    0x080021c8   0x00000020   Code   RO         1365    i.RCC_AHBPeriphClockCmd  stm32f0xx_rcc.o
    0x080021e8   0x00000020   Code   RO         1366    i.RCC_AHBPeriphResetCmd  stm32f0xx_rcc.o
    0x08002208   0x00000020   Code   RO         1367    i.RCC_APB1PeriphClockCmd  stm32f0xx_rcc.o
    0x08002228   0x00000020   Code   RO         1368    i.RCC_APB1PeriphResetCmd  stm32f0xx_rcc.o
    0x08002248   0x00000020   Code   RO         1369    i.RCC_APB2PeriphClockCmd  stm32f0xx_rcc.o
    0x08002268   0x00000020   Code   RO         1370    i.RCC_APB2PeriphResetCmd  stm32f0xx_rcc.o
    0x08002288   0x0000001c   Code   RO         1388    i.RCC_I2CCLKConfig  stm32f0xx_rcc.o
    0x080022a4   0x00000028   Code   RO          184    i.Read_CalData_EEPROM  user_power_measure.o
    0x080022cc   0x00000002   Code   RO         2564    i.SVC_Handler       stm32f0xx_it.o
    0x080022ce   0x00000002   PAD
    0x080022d0   0x00000040   Code   RO         2771    i.SYSCFG_EXTILineConfig  stm32f0xx_syscfg.o
    0x08002310   0x0000000e   Code   RO          150    i.Send_Int_Event    user_keypress.o
    0x0800231e   0x00000002   PAD
    0x08002320   0x000000d8   Code   RO         2829    i.SetSysClock       system_stm32f0xx.o
    0x080023f8   0x0000007c   Code   RO         2831    i.SystemInit        system_stm32f0xx.o
    0x08002474   0x00000038   Code   RO         1923    i.TI1_Config        stm32f0xx_tim.o
    0x080024ac   0x0000004c   Code   RO         1924    i.TI2_Config        stm32f0xx_tim.o
    0x080024f8   0x00000048   Code   RO         1925    i.TI3_Config        stm32f0xx_tim.o
    0x08002540   0x00000050   Code   RO         1926    i.TI4_Config        stm32f0xx_tim.o
    0x08002590   0x00000010   Code   RO         2565    i.TIM14_IRQHandler  stm32f0xx_it.o
    0x080025a0   0x00000024   Code   RO         2566    i.TIM16_IRQHandler  stm32f0xx_it.o
    0x080025c4   0x00000110   Code   RO         2567    i.TIM1_BRK_UP_TRG_COM_IRQHandler  stm32f0xx_it.o
    0x080026d4   0x00000030   Code   RO         2568    i.TIM1_CC_IRQHandler  stm32f0xx_it.o
    0x08002704   0x00000098   Code   RO         2569    i.TIM3_IRQHandler   stm32f0xx_it.o
    0x0800279c   0x0000001c   Code   RO         1927    i.TIM_ARRPreloadConfig  stm32f0xx_tim.o
    0x080027b8   0x00000006   Code   RO         1933    i.TIM_ClearFlag     stm32f0xx_tim.o
    0x080027be   0x00000006   Code   RO         1934    i.TIM_ClearITPendingBit  stm32f0xx_tim.o
    0x080027c4   0x0000001c   Code   RO         1939    i.TIM_Cmd           stm32f0xx_tim.o
    0x080027e0   0x00000022   Code   RO         1941    i.TIM_CtrlPWMOutputs  stm32f0xx_tim.o
    0x08002802   0x00000002   PAD
    0x08002804   0x000000e8   Code   RO         1944    i.TIM_DeInit        stm32f0xx_tim.o
    0x080028ec   0x00000004   Code   RO         1953    i.TIM_GenerateEvent  stm32f0xx_tim.o
    0x080028f0   0x00000006   Code   RO         1957    i.TIM_GetCapture4   stm32f0xx_tim.o
    0x080028f6   0x00000026   Code   RO         1960    i.TIM_GetITStatus   stm32f0xx_tim.o
    0x0800291c   0x00000070   Code   RO         1962    i.TIM_ICInit        stm32f0xx_tim.o
    0x0800298c   0x00000014   Code   RO         1964    i.TIM_ITConfig      stm32f0xx_tim.o
    0x080029a0   0x00000094   Code   RO         1968    i.TIM_OC1Init       stm32f0xx_tim.o
    0x08002a34   0x00000004   Code   RO         2000    i.TIM_SetAutoreload  stm32f0xx_tim.o
    0x08002a38   0x00000004   Code   RO         2002    i.TIM_SetCompare1   stm32f0xx_tim.o
    0x08002a3c   0x00000014   Code   RO         2007    i.TIM_SetIC1Prescaler  stm32f0xx_tim.o
    0x08002a50   0x00000018   Code   RO         2008    i.TIM_SetIC2Prescaler  stm32f0xx_tim.o
    0x08002a68   0x00000014   Code   RO         2009    i.TIM_SetIC3Prescaler  stm32f0xx_tim.o
    0x08002a7c   0x00000018   Code   RO         2010    i.TIM_SetIC4Prescaler  stm32f0xx_tim.o
    0x08002a94   0x0000007c   Code   RO         2012    i.TIM_TimeBaseInit  stm32f0xx_tim.o
    0x08002b10   0x0000007c   Code   RO          318    i.Temperature_Measure_Init  user_temperature_measure.o
    0x08002b8c   0x00000068   Code   RO          319    i.Temperature_Measure_Process  user_temperature_measure.o
    0x08002bf4   0x00000090   Code   RO          367    i.Timer14_Init      user_timer.o
    0x08002c84   0x00000030   Code   RO            5    i.User_System_Init  main.o
    0x08002cb4   0x00000010   Code   RO            6    i.main              main.o
    0x08002cc4   0x0000008c   Code   RO         3284    x$fpl$fadd          fz_ps.l(faddsub.o)
    0x08002d50   0x000000d0   Code   RO         3286    x$fpl$fsub          fz_ps.l(faddsub.o)
    0x08002e20   0x00000000   Code   RO         3302    x$fpl$usenofp       fz_ps.l(usenofp.o)
    0x08002e20   0x000000b4   Data   RO          320    .constdata          user_temperature_measure.o
    0x08002ed4   0x00000040   Data   RO         3291    .constdata          fz_ps.l(fdiv.o)
    0x08002f14   0x00000020   Data   RO         3460    Region$$Table       anon$$obj.o


    Execution Region RW_IRAM1 (Base: 0x20000000, Size: 0x00000f88, Max: 0x00001000, ABSOLUTE)

    Base Addr    Size         Type   Attr      Idx    E Section Name        Object

    0x20000000   0x00000003   Data   RW          151    .data               user_keypress.o
    0x20000003   0x00000001   PAD
    0x20000004   0x0000002b   Data   RW          185    .data               user_power_measure.o
    0x2000002f   0x00000001   Data   RW          250    .data               user_slave_i2c.o
    0x20000030   0x0000000a   Data   RW          321    .data               user_temperature_measure.o
    0x2000003a   0x00000006   Data   RW          398    .data               user_ir.o
    0x20000040   0x00000014   Data   RW         2832    .data               system_stm32f0xx.o
    0x20000054   0x0000004a   Zero   RW          249    .bss                user_slave_i2c.o
    0x2000009e   0x00000002   PAD
    0x200000a0   0x00000a28   Zero   RW          397    .bss                user_ir.o
    0x20000ac8   0x00000060   Zero   RW         3336    .bss                c_p.l(libspace.o)
    0x20000b28   0x00000100   Zero   RW          507    HEAP                startup_stm32f0xx.o
    0x20000c28   0x00000360   Zero   RW          506    STACK               startup_stm32f0xx.o


==============================================================================

Image component sizes


      Code (inc. data)   RO Data    RW Data    ZI Data      Debug   Object Name

       120         10          0          0          0     190753   main.o
        56         26        192          0       1120        728   startup_stm32f0xx.o
       290          8          0          0          0      15574   stm32f0xx_adc.o
       148         10          0          0          0       4393   stm32f0xx_exti.o
       392         16          0          0          0      10264   stm32f0xx_gpio.o
       256         16          0          0          0      12565   stm32f0xx_i2c.o
       572         58          0          0          0       5710   stm32f0xx_it.o
        68         34          0          0          0       2770   stm32f0xx_iwdg.o
       112          6          0          0          0       2268   stm32f0xx_misc.o
       220         30          0          0          0       4359   stm32f0xx_rcc.o
        64          4          0          0          0        696   stm32f0xx_syscfg.o
      1166        148          0          0          0      35942   stm32f0xx_tim.o
       340         24          0         20          0       1845   system_stm32f0xx.o
       152          4          0          0          0        540   user_gpio.o
      1788        122          0          6       2600       6731   user_ir.o
       286         14          0          3          0       1735   user_keypress.o
       996        218          0         43          0       7157   user_power_measure.o
      1314         58          0          1         74      10992   user_slave_i2c.o
       416         36        180         10          0      10796   user_temperature_measure.o
       144         14          0          0          0        667   user_timer.o

    ----------------------------------------------------------------------
      8914        856        404         84       3796     326485   Object Totals
         0          0         32          0          0          0   (incl. Generated)
        14          0          0          1          2          0   (incl. Padding)

    ----------------------------------------------------------------------

      Code (inc. data)   RO Data    RW Data    ZI Data      Debug   Library Member Name

         8          0          0          0          0         68   __main.o
        60          8          0          0          0          0   __scatter.o
        26          0          0          0          0          0   __scatter_copy.o
        28          0          0          0          0          0   __scatter_zi.o
       346          0          0          0          0         92   aeabi_sdiv.o
        12          0          0          0          0         64   exit.o
         6          0          0          0          0        136   heapauxi.o
         0          0          0          0          0          0   indicate_semi.o
         2          0          0          0          0          0   libinit.o
         6          0          0          0          0          0   libinit2.o
         2          0          0          0          0          0   libshutdown.o
         2          0          0          0          0          0   libshutdown2.o
         8          4          0          0         96         68   libspace.o
       186          0          0          0          0        144   rt_memcpy.o
         0          0          0          0          0          0   rtentry.o
        12          0          0          0          0          0   rtentry2.o
         6          0          0          0          0          0   rtentry4.o
         2          0          0          0          0          0   rtexit.o
        10          0          0          0          0          0   rtexit2.o
        12          4          0          0          0         60   sys_exit.o
        62          0          0          0          0         80   sys_stackheap_outer.o
         2          0          0          0          0         68   use_no_semi.o
       124          4          0          0          0         72   d2f.o
       848         20          0          0          0        228   daddsub.o
        84          4          0          0          0         60   f2d.o
       348          8          0          0          0        160   faddsub.o
       352          8         64          0          0         88   fdiv.o
        48          0          0          0          0         60   ffixui.o
        94          0          0          0          0         92   fflti.o
         0          0          0          0          0          0   usenofp.o

    ----------------------------------------------------------------------
      2702         60         64          0         96       1540   Library Totals
         6          0          0          0          0          0   (incl. Padding)

    ----------------------------------------------------------------------

      Code (inc. data)   RO Data    RW Data    ZI Data      Debug   Library Name

       798         16          0          0         96        780   c_p.l
      1898         44         64          0          0        760   fz_ps.l

    ----------------------------------------------------------------------
      2702         60         64          0         96       1540   Library Totals

    ----------------------------------------------------------------------

==============================================================================


      Code (inc. data)   RO Data    RW Data    ZI Data      Debug   

     11616        916        468         84       3892     322489   Grand Totals
     11616        916        468         84       3892     322489   ELF Image Totals
     11616        916        468         84          0          0   ROM Totals

==============================================================================

    Total RO  Size (Code + RO Data)                12084 (  11.80kB)
    Total RW  Size (RW Data + ZI Data)              3976 (   3.88kB)
    Total ROM Size (Code + RO Data + RW Data)      12168 (  11.88kB)

==============================================================================

